
> boostify-music@1.0.0 build
> node build-for-deploy.js

≡ƒÜÇ Starting production build...
≡ƒôª Cleaning dist directory...
ΓÜ¢∩╕Å  Building client with Vite...
[36mvite v5.4.21 [32mbuilding for production...[36m[39m
transforming...
/assets/pattern.png referenced in /assets/pattern.png didn't resolve at build time, it will remain unchanged to be resolved at runtime
../node_modules/ox/_esm/core/Base64.js (6:27): A comment
"/*#__PURE__*/"
in "../node_modules/ox/_esm/core/Base64.js" contains an annotation that Rollup cannot interpret due to the position of the comment. The comment will be removed to avoid issues.
../node_modules/@base-org/account/node_modules/ox/_esm/core/Address.js (6:21): A comment
"/*#__PURE__*/"
in "../node_modules/@base-org/account/node_modules/ox/_esm/core/Address.js" contains an annotation that Rollup cannot interpret due to the position of the comment. The comment will be removed to avoid issues.
../node_modules/@base-org/account/node_modules/ox/_esm/core/Base64.js (6:27): A comment
"/*#__PURE__*/"
in "../node_modules/@base-org/account/node_modules/ox/_esm/core/Base64.js" contains an annotation that Rollup cannot interpret due to the position of the comment. The comment will be removed to avoid issues.
../node_modules/@coinbase/wallet-sdk/node_modules/ox/_esm/core/Address.js (6:21): A comment
"/*#__PURE__*/"
in "../node_modules/@coinbase/wallet-sdk/node_modules/ox/_esm/core/Address.js" contains an annotation that Rollup cannot interpret due to the position of the comment. The comment will be removed to avoid issues.
../node_modules/@coinbase/wallet-sdk/node_modules/ox/_esm/core/Base64.js (6:27): A comment
"/*#__PURE__*/"
in "../node_modules/@coinbase/wallet-sdk/node_modules/ox/_esm/core/Base64.js" contains an annotation that Rollup cannot interpret due to the position of the comment. The comment will be removed to avoid issues.
../node_modules/@base-org/account/node_modules/ox/_esm/core/internal/cursor.js (2:21): A comment
"/*#__PURE__*/"
in "../node_modules/@base-org/account/node_modules/ox/_esm/core/internal/cursor.js" contains an annotation that Rollup cannot interpret due to the position of the comment. The comment will be removed to avoid issues.
../node_modules/@coinbase/wallet-sdk/node_modules/ox/_esm/core/internal/cursor.js (2:21): A comment
"/*#__PURE__*/"
in "../node_modules/@coinbase/wallet-sdk/node_modules/ox/_esm/core/internal/cursor.js" contains an annotation that Rollup cannot interpret due to the position of the comment. The comment will be removed to avoid issues.
../node_modules/@walletconnect/utils/node_modules/ox/_esm/core/Address.js (6:21): A comment
"/*#__PURE__*/"
in "../node_modules/@walletconnect/utils/node_modules/ox/_esm/core/Address.js" contains an annotation that Rollup cannot interpret due to the position of the comment. The comment will be removed to avoid issues.
../node_modules/@walletconnect/utils/node_modules/ox/_esm/core/internal/cursor.js (2:21): A comment
"/*#__PURE__*/"
in "../node_modules/@walletconnect/utils/node_modules/ox/_esm/core/internal/cursor.js" contains an annotation that Rollup cannot interpret due to the position of the comment. The comment will be removed to avoid issues.
../node_modules/@reown/appkit/node_modules/ox/_esm/core/Address.js (6:21): A comment
"/*#__PURE__*/"
in "../node_modules/@reown/appkit/node_modules/ox/_esm/core/Address.js" contains an annotation that Rollup cannot interpret due to the position of the comment. The comment will be removed to avoid issues.
../node_modules/@reown/appkit/node_modules/ox/_esm/core/internal/cursor.js (2:21): A comment
"/*#__PURE__*/"
in "../node_modules/@reown/appkit/node_modules/ox/_esm/core/internal/cursor.js" contains an annotation that Rollup cannot interpret due to the position of the comment. The comment will be removed to avoid issues.
../node_modules/@reown/appkit-controllers/node_modules/ox/_esm/core/Address.js (6:21): A comment
"/*#__PURE__*/"
in "../node_modules/@reown/appkit-controllers/node_modules/ox/_esm/core/Address.js" contains an annotation that Rollup cannot interpret due to the position of the comment. The comment will be removed to avoid issues.
../node_modules/@reown/appkit-controllers/node_modules/ox/_esm/core/internal/cursor.js (2:21): A comment
"/*#__PURE__*/"
in "../node_modules/@reown/appkit-controllers/node_modules/ox/_esm/core/internal/cursor.js" contains an annotation that Rollup cannot interpret due to the position of the comment. The comment will be removed to avoid issues.
[32mΓ£ô[39m 10910 modules transformed.
rendering chunks...
[1m[33m[plugin:vite:reporter][39m[22m [33m[plugin vite:reporter] 
(!) C:/Users/convo/OneDrive/Escritorio/BOOSTIFY 2025/BOOSTIFY-MUSIC_LAST/BOOSTIFY-MUSIC/client/src/data/cinematographers/index.ts is dynamically imported by C:/Users/convo/OneDrive/Escritorio/BOOSTIFY 2025/BOOSTIFY-MUSIC_LAST/BOOSTIFY-MUSIC/client/src/lib/api/director-dp-pairing.ts but also statically imported by C:/Users/convo/OneDrive/Escritorio/BOOSTIFY 2025/BOOSTIFY-MUSIC_LAST/BOOSTIFY-MUSIC/client/src/components/music-video/director-selection-modal.tsx, C:/Users/convo/OneDrive/Escritorio/BOOSTIFY 2025/BOOSTIFY-MUSIC_LAST/BOOSTIFY-MUSIC/client/src/lib/api/director-dp-pairing.ts, dynamic import will not move module into another chunk.
[39m
[1m[33m[plugin:vite:reporter][39m[22m [33m[plugin vite:reporter] 
(!) C:/Users/convo/OneDrive/Escritorio/BOOSTIFY 2025/BOOSTIFY-MUSIC_LAST/BOOSTIFY-MUSIC/node_modules/firebase/firestore/dist/esm/index.esm.js is dynamically imported by C:/Users/convo/OneDrive/Escritorio/BOOSTIFY 2025/BOOSTIFY-MUSIC_LAST/BOOSTIFY-MUSIC/client/src/components/artist/artist-profile-card.tsx, C:/Users/convo/OneDrive/Escritorio/BOOSTIFY 2025/BOOSTIFY-MUSIC_LAST/BOOSTIFY-MUSIC/client/src/lib/api/openrouteraiagents.ts, C:/Users/convo/OneDrive/Escritorio/BOOSTIFY 2025/BOOSTIFY-MUSIC_LAST/BOOSTIFY-MUSIC/client/src/pages/ai-agents.tsx, C:/Users/convo/OneDrive/Escritorio/BOOSTIFY 2025/BOOSTIFY-MUSIC_LAST/BOOSTIFY-MUSIC/client/src/pages/ai-agents.tsx, C:/Users/convo/OneDrive/Escritorio/BOOSTIFY 2025/BOOSTIFY-MUSIC_LAST/BOOSTIFY-MUSIC/client/src/pages/ai-agents.tsx but also statically imported by C:/Users/convo/OneDrive/Escritorio/BOOSTIFY 2025/BOOSTIFY-MUSIC_LAST/BOOSTIFY-MUSIC/client/src/components/affiliates/affiliate-support.tsx, C:/Users/convo/OneDrive/Escritorio/BOOSTIFY 2025/BOOSTIFY-MUSIC_LAST/BOOSTIFY-MUSIC/client/src/components/affiliates/content-generator.tsx, C:/Users/convo/OneDrive/Escritorio/BOOSTIFY 2025/BOOSTIFY-MUSIC_LAST/BOOSTIFY-MUSIC/client/src/components/ai/ai-data-manager.tsx, C:/Users/convo/OneDrive/Escritorio/BOOSTIFY 2025/BOOSTIFY-MUSIC_LAST/BOOSTIFY-MUSIC/client/src/components/analytics/artist-analytics-tab.tsx, C:/Users/convo/OneDrive/Escritorio/BOOSTIFY 2025/BOOSTIFY-MUSIC_LAST/BOOSTIFY-MUSIC/client/src/components/artist/artist-downloads.tsx, C:/Users/convo/OneDrive/Escritorio/BOOSTIFY 2025/BOOSTIFY-MUSIC_LAST/BOOSTIFY-MUSIC/client/src/components/artist/artist-profile-card.tsx, C:/Users/convo/OneDrive/Escritorio/BOOSTIFY 2025/BOOSTIFY-MUSIC_LAST/BOOSTIFY-MUSIC/client/src/components/artist/edit-profile-dialog.tsx, C:/Users/convo/OneDrive/Escritorio/BOOSTIFY 2025/BOOSTIFY-MUSIC_LAST/BOOSTIFY-MUSIC/client/src/components/artist/image-gallery-display.tsx, C:/Users/convo/OneDrive/Escritorio/BOOSTIFY 2025/BOOSTIFY-MUSIC_LAST/BOOSTIFY-MUSIC/client/src/components/artist/image-gallery-generator.tsx, C:/Users/convo/OneDrive/Escritorio/BOOSTIFY 2025/BOOSTIFY-MUSIC_LAST/BOOSTIFY-MUSIC/client/src/components/artist/manage-products-panel.tsx, C:/Users/convo/OneDrive/Escritorio/BOOSTIFY 2025/BOOSTIFY-MUSIC_LAST/BOOSTIFY-MUSIC/client/src/components/dashboard/ecosystem-dashboard.tsx, C:/Users/convo/OneDrive/Escritorio/BOOSTIFY 2025/BOOSTIFY-MUSIC_LAST/BOOSTIFY-MUSIC/client/src/components/music-video/music-video-ai.tsx, C:/Users/convo/OneDrive/Escritorio/BOOSTIFY 2025/BOOSTIFY-MUSIC_LAST/BOOSTIFY-MUSIC/client/src/components/music/audio-mastering.tsx, C:/Users/convo/OneDrive/Escritorio/BOOSTIFY 2025/BOOSTIFY-MUSIC_LAST/BOOSTIFY-MUSIC/client/src/components/producer/FileExchangeHub.tsx, C:/Users/convo/OneDrive/Escritorio/BOOSTIFY 2025/BOOSTIFY-MUSIC_LAST/BOOSTIFY-MUSIC/client/src/components/promotion/campaign-form.tsx, C:/Users/convo/OneDrive/Escritorio/BOOSTIFY 2025/BOOSTIFY-MUSIC_LAST/BOOSTIFY-MUSIC/client/src/components/radio/boostify-radio.tsx, C:/Users/convo/OneDrive/Escritorio/BOOSTIFY 2025/BOOSTIFY-MUSIC_LAST/BOOSTIFY-MUSIC/client/src/components/social/direct-messages.tsx, C:/Users/convo/OneDrive/Escritorio/BOOSTIFY 2025/BOOSTIFY-MUSIC_LAST/BOOSTIFY-MUSIC/client/src/components/social/post-feed.tsx, C:/Users/convo/OneDrive/Escritorio/BOOSTIFY 2025/BOOSTIFY-MUSIC_LAST/BOOSTIFY-MUSIC/client/src/firebase.ts, C:/Users/convo/OneDrive/Escritorio/BOOSTIFY 2025/BOOSTIFY-MUSIC_LAST/BOOSTIFY-MUSIC/client/src/lib/api/apify-contacts-service.ts, C:/Users/convo/OneDrive/Escritorio/BOOSTIFY 2025/BOOSTIFY-MUSIC_LAST/BOOSTIFY-MUSIC/client/src/lib/api/fal-service.ts, C:/Users/convo/OneDrive/Escritorio/BOOSTIFY 2025/BOOSTIFY-MUSIC_LAST/BOOSTIFY-MUSIC/client/src/lib/api/generated-images-service.ts, C:/Users/convo/OneDrive/Escritorio/BOOSTIFY 2025/BOOSTIFY-MUSIC_LAST/BOOSTIFY-MUSIC/client/src/lib/api/music-generator-service.ts, C:/Users/convo/OneDrive/Escritorio/BOOSTIFY 2025/BOOSTIFY-MUSIC_LAST/BOOSTIFY-MUSIC/client/src/lib/firebase-storage.ts, C:/Users/convo/OneDrive/Escritorio/BOOSTIFY 2025/BOOSTIFY-MUSIC_LAST/BOOSTIFY-MUSIC/client/src/lib/messaging-service.ts, C:/Users/convo/OneDrive/Escritorio/BOOSTIFY 2025/BOOSTIFY-MUSIC_LAST/BOOSTIFY-MUSIC/client/src/lib/mock-voice-data.ts, C:/Users/convo/OneDrive/Escritorio/BOOSTIFY 2025/BOOSTIFY-MUSIC_LAST/BOOSTIFY-MUSIC/client/src/lib/services/advisor-call-service.ts, C:/Users/convo/OneDrive/Escritorio/BOOSTIFY 2025/BOOSTIFY-MUSIC_LAST/BOOSTIFY-MUSIC/client/src/lib/services/agent-usage-service.ts, C:/Users/convo/OneDrive/Escritorio/BOOSTIFY 2025/BOOSTIFY-MUSIC_LAST/BOOSTIFY-MUSIC/client/src/lib/services/ai-agents-firestore.ts, C:/Users/convo/OneDrive/Escritorio/BOOSTIFY 2025/BOOSTIFY-MUSIC_LAST/BOOSTIFY-MUSIC/client/src/lib/services/manager-documents-service.ts, C:/Users/convo/OneDrive/Escritorio/BOOSTIFY 2025/BOOSTIFY-MUSIC_LAST/BOOSTIFY-MUSIC/client/src/lib/services/managertoolsopenrouter.ts, C:/Users/convo/OneDrive/Escritorio/BOOSTIFY 2025/BOOSTIFY-MUSIC_LAST/BOOSTIFY-MUSIC/client/src/lib/services/music-video-project-service.ts, C:/Users/convo/OneDrive/Escritorio/BOOSTIFY 2025/BOOSTIFY-MUSIC_LAST/BOOSTIFY-MUSIC/client/src/lib/services/production-progress-service.ts, C:/Users/convo/OneDrive/Escritorio/BOOSTIFY 2025/BOOSTIFY-MUSIC_LAST/BOOSTIFY-MUSIC/client/src/lib/services/record-label-service.ts, C:/Users/convo/OneDrive/Escritorio/BOOSTIFY 2025/BOOSTIFY-MUSIC_LAST/BOOSTIFY-MUSIC/client/src/lib/services/video-project-service.ts, C:/Users/convo/OneDrive/Escritorio/BOOSTIFY 2025/BOOSTIFY-MUSIC_LAST/BOOSTIFY-MUSIC/client/src/pages/artist-generator.tsx, C:/Users/convo/OneDrive/Escritorio/BOOSTIFY 2025/BOOSTIFY-MUSIC_LAST/BOOSTIFY-MUSIC/client/src/pages/artist-profile.tsx, C:/Users/convo/OneDrive/Escritorio/BOOSTIFY 2025/BOOSTIFY-MUSIC_LAST/BOOSTIFY-MUSIC/client/src/pages/blog.tsx, C:/Users/convo/OneDrive/Escritorio/BOOSTIFY 2025/BOOSTIFY-MUSIC_LAST/BOOSTIFY-MUSIC/client/src/pages/debug-firebase.tsx, C:/Users/convo/OneDrive/Escritorio/BOOSTIFY 2025/BOOSTIFY-MUSIC_LAST/BOOSTIFY-MUSIC/client/src/pages/diagnostics.tsx, C:/Users/convo/OneDrive/Escritorio/BOOSTIFY 2025/BOOSTIFY-MUSIC_LAST/BOOSTIFY-MUSIC/client/src/pages/init-products.tsx, C:/Users/convo/OneDrive/Escritorio/BOOSTIFY 2025/BOOSTIFY-MUSIC_LAST/BOOSTIFY-MUSIC/client/src/pages/investors-dashboard.tsx, C:/Users/convo/OneDrive/Escritorio/BOOSTIFY 2025/BOOSTIFY-MUSIC_LAST/BOOSTIFY-MUSIC/client/src/pages/merchandise.tsx, C:/Users/convo/OneDrive/Escritorio/BOOSTIFY 2025/BOOSTIFY-MUSIC_LAST/BOOSTIFY-MUSIC/client/src/pages/my-artist.tsx, C:/Users/convo/OneDrive/Escritorio/BOOSTIFY 2025/BOOSTIFY-MUSIC_LAST/BOOSTIFY-MUSIC/client/src/pages/producer-tools.tsx, C:/Users/convo/OneDrive/Escritorio/BOOSTIFY 2025/BOOSTIFY-MUSIC_LAST/BOOSTIFY-MUSIC/client/src/pages/promotion.tsx, C:/Users/convo/OneDrive/Escritorio/BOOSTIFY 2025/BOOSTIFY-MUSIC_LAST/BOOSTIFY-MUSIC/client/src/pages/settings.tsx, C:/Users/convo/OneDrive/Escritorio/BOOSTIFY 2025/BOOSTIFY-MUSIC_LAST/BOOSTIFY-MUSIC/client/src/pages/smart-cards.tsx, C:/Users/convo/OneDrive/Escritorio/BOOSTIFY 2025/BOOSTIFY-MUSIC_LAST/BOOSTIFY-MUSIC/client/src/pages/social-network.tsx, C:/Users/convo/OneDrive/Escritorio/BOOSTIFY 2025/BOOSTIFY-MUSIC_LAST/BOOSTIFY-MUSIC/client/src/pages/videos.tsx, C:/Users/convo/OneDrive/Escritorio/BOOSTIFY 2025/BOOSTIFY-MUSIC_LAST/BOOSTIFY-MUSIC/client/src/pages/virtual-record-label.tsx, dynamic import will not move module into another chunk.
[39m
computing gzip size...
[2mdist/[22m[32mindex.html                                                          [39m[1m[2m     3.51 kB[22m[1m[22m[2m Γöé gzip:     1.31 kB[22m
[2mdist/[22m[32massets/profile-0KIHD20f.png                                         [39m[1m[2m   603.66 kB[22m[1m[22m
[2mdist/[22m[32massets/full-body-DxRsQMgO.png                                       [39m[1m[2m 1,084.99 kB[22m[1m[22m
[2mdist/[22m[32massets/AI_training_process_diagram_b2342b3f-DFyWi0A8.png            [39m[1m[2m 1,166.28 kB[22m[1m[22m
[2mdist/[22m[32massets/three-quarter-CB-9JWEI.png                                   [39m[1m[2m 1,304.70 kB[22m[1m[22m
[2mdist/[22m[32massets/frontal-BL0AwTwO.png                                         [39m[1m[2m 1,333.56 kB[22m[1m[22m
[2mdist/[22m[32massets/AI_motion_capture_visualization_c0ac82f5-DG1RmzBg.png        [39m[1m[2m 1,592.86 kB[22m[1m[22m
[2mdist/[22m[32massets/smiling-CkRcidaw.png                                         [39m[1m[2m 1,636.14 kB[22m[1m[22m
[2mdist/[22m[32massets/Dance_movement_analysis_visualization_ea1514ba-DSO1vvAZ.png  [39m[1m[2m 1,745.44 kB[22m[1m[22m
[2mdist/[22m[32massets/concert-video-BoXTJCAc.mp4                                   [39m[1m[2m15,426.80 kB[22m[1m[22m
[2mdist/[22m[35massets/producer-tools-CIGW-MKW.css                                  [39m[1m[2m    15.61 kB[22m[1m[22m[2m Γöé gzip:     6.46 kB[22m
[2mdist/[22m[35massets/index-Cm4UkKRE.css                                           [39m[1m[2m   585.87 kB[22m[1m[22m[2m Γöé gzip:    76.42 kB[22m
[2mdist/[22m[36massets/collapsible-C4kUPU4n.js                                      [39m[1m[2m     0.10 kB[22m[1m[22m[2m Γöé gzip:     0.11 kB[22m
[2mdist/[22m[36massets/use-mobile-CUsA0yxa.js                                       [39m[1m[2m     0.26 kB[22m[1m[22m[2m Γöé gzip:     0.21 kB[22m
[2mdist/[22m[36massets/LineChart-QrnUkv5g.js                                        [39m[1m[2m     0.26 kB[22m[1m[22m[2m Γöé gzip:     0.21 kB[22m
[2mdist/[22m[36massets/endOfMonth-DUdI3mM2.js                                       [39m[1m[2m     0.29 kB[22m[1m[22m[2m Γöé gzip:     0.20 kB[22m
[2mdist/[22m[36massets/square-Br5NaS-d.js                                           [39m[1m[2m     0.32 kB[22m[1m[22m[2m Γöé gzip:     0.25 kB[22m
[2mdist/[22m[36massets/cursor-dAbqBUmA.js                                           [39m[1m[2m     0.32 kB[22m[1m[22m[2m Γöé gzip:     0.25 kB[22m
[2mdist/[22m[36massets/filter-CtYQiLn3.js                                           [39m[1m[2m     0.33 kB[22m[1m[22m[2m Γöé gzip:     0.26 kB[22m
[2mdist/[22m[36massets/bookmark-4fsJCdMG.js                                         [39m[1m[2m     0.33 kB[22m[1m[22m[2m Γöé gzip:     0.26 kB[22m
[2mdist/[22m[36massets/disc-BcMumvG_.js                                             [39m[1m[2m     0.34 kB[22m[1m[22m[2m Γöé gzip:     0.25 kB[22m
[2mdist/[22m[36massets/power-CogBPA5H.js                                            [39m[1m[2m     0.34 kB[22m[1m[22m[2m Γöé gzip:     0.27 kB[22m
[2mdist/[22m[36massets/circle-dot-P25xuPki.js                                       [39m[1m[2m     0.35 kB[22m[1m[22m[2m Γöé gzip:     0.25 kB[22m
[2mdist/[22m[36massets/clock-3-CrIfliQS.js                                          [39m[1m[2m     0.35 kB[22m[1m[22m[2m Γöé gzip:     0.27 kB[22m
[2mdist/[22m[36massets/chart-line-C2ZrMqMw.js                                       [39m[1m[2m     0.35 kB[22m[1m[22m[2m Γöé gzip:     0.27 kB[22m
[2mdist/[22m[36massets/code-BRlPPVpM.js                                             [39m[1m[2m     0.35 kB[22m[1m[22m[2m Γöé gzip:     0.27 kB[22m
[2mdist/[22m[36massets/tv-minimal-DWtG-9mn.js                                       [39m[1m[2m     0.36 kB[22m[1m[22m[2m Γöé gzip:     0.28 kB[22m
[2mdist/[22m[36massets/terminal-C5wyzujx.js                                         [39m[1m[2m     0.36 kB[22m[1m[22m[2m Γöé gzip:     0.28 kB[22m
[2mdist/[22m[36massets/at-sign-DlI6CxAU.js                                          [39m[1m[2m     0.36 kB[22m[1m[22m[2m Γöé gzip:     0.29 kB[22m
[2mdist/[22m[36massets/rotate-ccw-BmX1ADv_.js                                       [39m[1m[2m     0.37 kB[22m[1m[22m[2m Γöé gzip:     0.28 kB[22m
[2mdist/[22m[36massets/auth-C9txn4R5.js                                             [39m[1m[2m     0.37 kB[22m[1m[22m[2m Γöé gzip:     0.27 kB[22m
[2mdist/[22m[36massets/undo-2-DaBivfUb.js                                           [39m[1m[2m     0.38 kB[22m[1m[22m[2m Γöé gzip:     0.28 kB[22m
[2mdist/[22m[36massets/bell-XeQ7W953.js                                             [39m[1m[2m     0.38 kB[22m[1m[22m[2m Γöé gzip:     0.29 kB[22m
[2mdist/[22m[36massets/lock-open-e-lHyD6Z.js                                        [39m[1m[2m     0.38 kB[22m[1m[22m[2m Γöé gzip:     0.29 kB[22m
[2mdist/[22m[36massets/move-horizontal-SG5_FTSi.js                                  [39m[1m[2m     0.38 kB[22m[1m[22m[2m Γöé gzip:     0.28 kB[22m
[2mdist/[22m[36massets/ellipsis-CIgelyDU.js                                         [39m[1m[2m     0.39 kB[22m[1m[22m[2m Γöé gzip:     0.26 kB[22m
[2mdist/[22m[36massets/ellipsis-vertical-CtvTLEhc.js                                [39m[1m[2m     0.40 kB[22m[1m[22m[2m Γöé gzip:     0.27 kB[22m
[2mdist/[22m[36massets/circle-help-D72OEq4i.js                                      [39m[1m[2m     0.40 kB[22m[1m[22m[2m Γöé gzip:     0.30 kB[22m
[2mdist/[22m[36massets/percent-BfbK9sVk.js                                          [39m[1m[2m     0.41 kB[22m[1m[22m[2m Γöé gzip:     0.29 kB[22m
[2mdist/[22m[36massets/history-CIxSDb8y.js                                          [39m[1m[2m     0.41 kB[22m[1m[22m[2m Γöé gzip:     0.30 kB[22m
[2mdist/[22m[36massets/timer-C7kQOgoI.js                                            [39m[1m[2m     0.41 kB[22m[1m[22m[2m Γöé gzip:     0.29 kB[22m
[2mdist/[22m[36massets/arrow-up-down-DvEqjO7h.js                                    [39m[1m[2m     0.41 kB[22m[1m[22m[2m Γöé gzip:     0.29 kB[22m
[2mdist/[22m[36massets/type-C2s3oT9A.js                                             [39m[1m[2m     0.41 kB[22m[1m[22m[2m Γöé gzip:     0.29 kB[22m
[2mdist/[22m[36massets/chart-bar-Dvx4cgce.js                                        [39m[1m[2m     0.41 kB[22m[1m[22m[2m Γöé gzip:     0.29 kB[22m
[2mdist/[22m[36massets/trash-C_lrnYZo.js                                            [39m[1m[2m     0.41 kB[22m[1m[22m[2m Γöé gzip:     0.30 kB[22m
[2mdist/[22m[36massets/book-marked-DV2z_n-n.js                                      [39m[1m[2m     0.42 kB[22m[1m[22m[2m Γöé gzip:     0.31 kB[22m
[2mdist/[22m[36massets/zoom-out-BJLG7zAJ.js                                         [39m[1m[2m     0.42 kB[22m[1m[22m[2m Γöé gzip:     0.29 kB[22m
[2mdist/[22m[36massets/settings-2-C_1hK6TC.js                                       [39m[1m[2m     0.42 kB[22m[1m[22m[2m Γöé gzip:     0.29 kB[22m
[2mdist/[22m[36massets/cloud-upload-DthIksRs.js                                     [39m[1m[2m     0.42 kB[22m[1m[22m[2m Γöé gzip:     0.31 kB[22m
[2mdist/[22m[36massets/compass-DzKLQ6oT.js                                          [39m[1m[2m     0.42 kB[22m[1m[22m[2m Γöé gzip:     0.31 kB[22m
[2mdist/[22m[36massets/git-commit-horizontal-BrwY8WnX.js                            [39m[1m[2m     0.42 kB[22m[1m[22m[2m Γöé gzip:     0.29 kB[22m
[2mdist/[22m[36massets/music-4-DIoyMrg5.js                                          [39m[1m[2m     0.42 kB[22m[1m[22m[2m Γöé gzip:     0.30 kB[22m
[2mdist/[22m[36massets/share-BKEVzTn0.js                                            [39m[1m[2m     0.43 kB[22m[1m[22m[2m Γöé gzip:     0.31 kB[22m
[2mdist/[22m[36massets/plug-DC-h-oiW.js                                             [39m[1m[2m     0.43 kB[22m[1m[22m[2m Γöé gzip:     0.29 kB[22m
[2mdist/[22m[36massets/monitor-PgUkM54r.js                                          [39m[1m[2m     0.43 kB[22m[1m[22m[2m Γöé gzip:     0.31 kB[22m
[2mdist/[22m[36massets/split-Bck6onIk.js                                            [39m[1m[2m     0.43 kB[22m[1m[22m[2m Γöé gzip:     0.30 kB[22m
[2mdist/[22m[36massets/key-BIQTTTY1.js                                              [39m[1m[2m     0.43 kB[22m[1m[22m[2m Γöé gzip:     0.32 kB[22m
[2mdist/[22m[36massets/openai-BrL2uhVl.js                                           [39m[1m[2m     0.44 kB[22m[1m[22m[2m Γöé gzip:     0.38 kB[22m
[2mdist/[22m[36massets/badge-Dk-f8NPS.js                                            [39m[1m[2m     0.44 kB[22m[1m[22m[2m Γöé gzip:     0.29 kB[22m
[2mdist/[22m[36massets/eraser-X3EfFFhi.js                                           [39m[1m[2m     0.44 kB[22m[1m[22m[2m Γöé gzip:     0.31 kB[22m
[2mdist/[22m[36massets/file-video-DifwGm8f.js                                       [39m[1m[2m     0.44 kB[22m[1m[22m[2m Γöé gzip:     0.30 kB[22m
[2mdist/[22m[36massets/pencil-Bu-rH8qP.js                                           [39m[1m[2m     0.45 kB[22m[1m[22m[2m Γöé gzip:     0.32 kB[22m
[2mdist/[22m[36massets/wifi-bEwqFpGv.js                                             [39m[1m[2m     0.45 kB[22m[1m[22m[2m Γöé gzip:     0.31 kB[22m
[2mdist/[22m[36massets/disc-3-DYhZxlCj.js                                           [39m[1m[2m     0.45 kB[22m[1m[22m[2m Γöé gzip:     0.31 kB[22m
[2mdist/[22m[36massets/layout-template-r_C0-hHr.js                                  [39m[1m[2m     0.45 kB[22m[1m[22m[2m Γöé gzip:     0.30 kB[22m
[2mdist/[22m[36massets/chevron-left-DkXZauX4.js                                     [39m[1m[2m     0.45 kB[22m[1m[22m[2m Γöé gzip:     0.30 kB[22m
[2mdist/[22m[36massets/lightbulb-cDZnSu4q.js                                        [39m[1m[2m     0.46 kB[22m[1m[22m[2m Γöé gzip:     0.32 kB[22m
[2mdist/[22m[36massets/inbox-i1ES3I2_.js                                            [39m[1m[2m     0.46 kB[22m[1m[22m[2m Γöé gzip:     0.33 kB[22m
[2mdist/[22m[36massets/chevron-top-CZMCFTPK.js                                      [39m[1m[2m     0.46 kB[22m[1m[22m[2m Γöé gzip:     0.30 kB[22m
[2mdist/[22m[36massets/external-link-XNKKus_g.js                                    [39m[1m[2m     0.46 kB[22m[1m[22m[2m Γöé gzip:     0.30 kB[22m
[2mdist/[22m[36massets/mail-open-B50S-Gs8.js                                        [39m[1m[2m     0.46 kB[22m[1m[22m[2m Γöé gzip:     0.33 kB[22m
[2mdist/[22m[36massets/chevron-bottom-BHmS8I9B.js                                   [39m[1m[2m     0.46 kB[22m[1m[22m[2m Γöé gzip:     0.30 kB[22m
[2mdist/[22m[36massets/chevron-right-Df1ZnJbZ.js                                    [39m[1m[2m     0.46 kB[22m[1m[22m[2m Γöé gzip:     0.30 kB[22m
[2mdist/[22m[36massets/folder-open-TqGwemPf.js                                      [39m[1m[2m     0.46 kB[22m[1m[22m[2m Γöé gzip:     0.32 kB[22m
[2mdist/[22m[36massets/linkedin-q1fwpLDW.js                                         [39m[1m[2m     0.46 kB[22m[1m[22m[2m Γöé gzip:     0.33 kB[22m
[2mdist/[22m[36massets/use-subscription-feature-DBxWtiJ5.js                         [39m[1m[2m     0.47 kB[22m[1m[22m[2m Γöé gzip:     0.32 kB[22m
[2mdist/[22m[36massets/video-off-BzxxWvrw.js                                        [39m[1m[2m     0.47 kB[22m[1m[22m[2m Γöé gzip:     0.33 kB[22m
[2mdist/[22m[36massets/arrow-top-lxWc7zhe.js                                        [39m[1m[2m     0.47 kB[22m[1m[22m[2m Γöé gzip:     0.31 kB[22m
[2mdist/[22m[36massets/thumbs-up-feMHw8M6.js                                        [39m[1m[2m     0.47 kB[22m[1m[22m[2m Γöé gzip:     0.34 kB[22m
[2mdist/[22m[36massets/gavel-CaHes61j.js                                            [39m[1m[2m     0.47 kB[22m[1m[22m[2m Γöé gzip:     0.32 kB[22m
[2mdist/[22m[36massets/list-CbZFsZxB.js                                             [39m[1m[2m     0.47 kB[22m[1m[22m[2m Γöé gzip:     0.29 kB[22m
[2mdist/[22m[36massets/thumbs-down-CjEsU8sm.js                                      [39m[1m[2m     0.47 kB[22m[1m[22m[2m Γöé gzip:     0.34 kB[22m
[2mdist/[22m[36massets/arrow-bottom-Bck6RYYB.js                                     [39m[1m[2m     0.47 kB[22m[1m[22m[2m Γöé gzip:     0.31 kB[22m
[2mdist/[22m[36massets/arrow-left-B_V7Dvt2.js                                       [39m[1m[2m     0.47 kB[22m[1m[22m[2m Γöé gzip:     0.31 kB[22m
[2mdist/[22m[36massets/audio-lines-B0oaCisk.js                                      [39m[1m[2m     0.47 kB[22m[1m[22m[2m Γöé gzip:     0.30 kB[22m
[2mdist/[22m[36massets/arrow-right-rTV_dHXf.js                                      [39m[1m[2m     0.47 kB[22m[1m[22m[2m Γöé gzip:     0.31 kB[22m
[2mdist/[22m[36massets/list-music-B2spFYho.js                                       [39m[1m[2m     0.47 kB[22m[1m[22m[2m Γöé gzip:     0.31 kB[22m
[2mdist/[22m[36massets/scissors-CCJh_rUE.js                                         [39m[1m[2m     0.48 kB[22m[1m[22m[2m Γöé gzip:     0.31 kB[22m
[2mdist/[22m[36massets/flask-conical-BKpkMXbd.js                                    [39m[1m[2m     0.48 kB[22m[1m[22m[2m Γöé gzip:     0.34 kB[22m
[2mdist/[22m[36massets/user-plus-CHrHDdKe.js                                        [39m[1m[2m     0.48 kB[22m[1m[22m[2m Γöé gzip:     0.33 kB[22m
[2mdist/[22m[36massets/box-Dy-DHrTK.js                                              [39m[1m[2m     0.48 kB[22m[1m[22m[2m Γöé gzip:     0.32 kB[22m
[2mdist/[22m[36massets/badge-check-BA-MeVom.js                                      [39m[1m[2m     0.48 kB[22m[1m[22m[2m Γöé gzip:     0.31 kB[22m
[2mdist/[22m[36massets/languages-BzJp8Xlf.js                                        [39m[1m[2m     0.49 kB[22m[1m[22m[2m Γöé gzip:     0.32 kB[22m
[2mdist/[22m[36massets/square-pen-aiWkWZxG.js                                       [39m[1m[2m     0.49 kB[22m[1m[22m[2m Γöé gzip:     0.34 kB[22m
[2mdist/[22m[36massets/brush-DnzAuepm.js                                            [39m[1m[2m     0.49 kB[22m[1m[22m[2m Γöé gzip:     0.35 kB[22m
[2mdist/[22m[36massets/refresh-ccw-9XHnT9Kq.js                                      [39m[1m[2m     0.49 kB[22m[1m[22m[2m Γöé gzip:     0.32 kB[22m
[2mdist/[22m[36massets/ticket-Bl5dmc42.js                                           [39m[1m[2m     0.49 kB[22m[1m[22m[2m Γöé gzip:     0.32 kB[22m
[2mdist/[22m[36massets/off-Bjjl__kB.js                                              [39m[1m[2m     0.49 kB[22m[1m[22m[2m Γöé gzip:     0.31 kB[22m
[2mdist/[22m[36massets/monitor-smartphone-BifvCkPl.js                               [39m[1m[2m     0.49 kB[22m[1m[22m[2m Γöé gzip:     0.34 kB[22m
[2mdist/[22m[36massets/search-DkonTvdO.js                                           [39m[1m[2m     0.50 kB[22m[1m[22m[2m Γöé gzip:     0.32 kB[22m
[2mdist/[22m[36massets/close-_7nc2FK7.js                                            [39m[1m[2m     0.50 kB[22m[1m[22m[2m Γöé gzip:     0.31 kB[22m
[2mdist/[22m[36massets/file-audio-CGshGbND.js                                       [39m[1m[2m     0.50 kB[22m[1m[22m[2m Γöé gzip:     0.33 kB[22m
[2mdist/[22m[36massets/html2canvas-BbOxB309.js                                      [39m[1m[2m     0.50 kB[22m[1m[22m[2m Γöé gzip:     0.36 kB[22m
[2mdist/[22m[36massets/all-wallets-BLfU0yrQ.js                                      [39m[1m[2m     0.51 kB[22m[1m[22m[2m Γöé gzip:     0.29 kB[22m
[2mdist/[22m[36massets/server-9WakDoiK.js                                           [39m[1m[2m     0.51 kB[22m[1m[22m[2m Γöé gzip:     0.32 kB[22m
[2mdist/[22m[36massets/filters-DtJL1IHi.js                                          [39m[1m[2m     0.51 kB[22m[1m[22m[2m Γöé gzip:     0.30 kB[22m
[2mdist/[22m[36massets/celo-GEP4TUHG-CenIBYLU.js                                    [39m[1m[2m     0.51 kB[22m[1m[22m[2m Γöé gzip:     0.31 kB[22m
[2mdist/[22m[36massets/layout-grid-DUI0TbRD.js                                      [39m[1m[2m     0.51 kB[22m[1m[22m[2m Γöé gzip:     0.29 kB[22m
[2mdist/[22m[36massets/clapperboard-DA98xZh7.js                                     [39m[1m[2m     0.52 kB[22m[1m[22m[2m Γöé gzip:     0.36 kB[22m
[2mdist/[22m[36massets/layout-dashboard-B5N041gb.js                                 [39m[1m[2m     0.52 kB[22m[1m[22m[2m Γöé gzip:     0.31 kB[22m
[2mdist/[22m[36massets/shield-alert-Bh8xki7z.js                                     [39m[1m[2m     0.52 kB[22m[1m[22m[2m Γöé gzip:     0.36 kB[22m
[2mdist/[22m[36massets/apify-contacts-service-CYOyXCmb.js                           [39m[1m[2m     0.52 kB[22m[1m[22m[2m Γöé gzip:     0.29 kB[22m
[2mdist/[22m[36massets/Windows-PPTHQER6-BlyV2p7Y.js                                 [39m[1m[2m     0.52 kB[22m[1m[22m[2m Γöé gzip:     0.29 kB[22m
[2mdist/[22m[36massets/layout-list-8SPz1xTh.js                                      [39m[1m[2m     0.53 kB[22m[1m[22m[2m Γöé gzip:     0.32 kB[22m
[2mdist/[22m[36massets/image-plus-DigAnc3v.js                                       [39m[1m[2m     0.53 kB[22m[1m[22m[2m Γöé gzip:     0.35 kB[22m
[2mdist/[22m[36massets/info-circle-BsoB6p6O.js                                      [39m[1m[2m     0.53 kB[22m[1m[22m[2m Γöé gzip:     0.32 kB[22m
[2mdist/[22m[36massets/more-CDW3c0W7.js                                             [39m[1m[2m     0.55 kB[22m[1m[22m[2m Γöé gzip:     0.33 kB[22m
[2mdist/[22m[36massets/refresh-BAahkRLl.js                                          [39m[1m[2m     0.55 kB[22m[1m[22m[2m Γöé gzip:     0.35 kB[22m
[2mdist/[22m[36massets/network-CIwuI5R1.js                                          [39m[1m[2m     0.55 kB[22m[1m[22m[2m Γöé gzip:     0.34 kB[22m
[2mdist/[22m[36massets/warning-circle-DPs82ErN.js                                   [39m[1m[2m     0.55 kB[22m[1m[22m[2m Γöé gzip:     0.34 kB[22m
[2mdist/[22m[36massets/coinPlaceholder-CJfCx-zl.js                                  [39m[1m[2m     0.56 kB[22m[1m[22m[2m Γöé gzip:     0.37 kB[22m
[2mdist/[22m[36massets/file-pen-line-Bgoq_DNJ.js                                    [39m[1m[2m     0.56 kB[22m[1m[22m[2m Γöé gzip:     0.37 kB[22m
[2mdist/[22m[36massets/earth-LItw98g7.js                                            [39m[1m[2m     0.56 kB[22m[1m[22m[2m Γöé gzip:     0.37 kB[22m
[2mdist/[22m[36massets/compass-BOMTPNer.js                                          [39m[1m[2m     0.58 kB[22m[1m[22m[2m Γöé gzip:     0.36 kB[22m
[2mdist/[22m[36massets/timeline-CpDbHg4p.js                                         [39m[1m[2m     0.59 kB[22m[1m[22m[2m Γöé gzip:     0.32 kB[22m
[2mdist/[22m[36massets/mic-off-kLX4Ys8h.js                                          [39m[1m[2m     0.59 kB[22m[1m[22m[2m Γöé gzip:     0.38 kB[22m
[2mdist/[22m[36massets/waves-ClphWL_R.js                                            [39m[1m[2m     0.59 kB[22m[1m[22m[2m Γöé gzip:     0.31 kB[22m
[2mdist/[22m[36massets/zetachain-TLDS5IPW-Udhyw16T.js                               [39m[1m[2m     0.60 kB[22m[1m[22m[2m Γöé gzip:     0.38 kB[22m
[2mdist/[22m[36massets/base-OAXLRA4F-CoYTVIiL.js                                    [39m[1m[2m     0.60 kB[22m[1m[22m[2m Γöé gzip:     0.33 kB[22m
[2mdist/[22m[36massets/swapVertical-BSTZT4Ko.js                                     [39m[1m[2m     0.60 kB[22m[1m[22m[2m Γöé gzip:     0.36 kB[22m
[2mdist/[22m[36massets/swapHorizontal-Yjnn1xKv.js                                   [39m[1m[2m     0.61 kB[22m[1m[22m[2m Γöé gzip:     0.35 kB[22m
[2mdist/[22m[36massets/x-CVA4KMnr.js                                                [39m[1m[2m     0.63 kB[22m[1m[22m[2m Γöé gzip:     0.41 kB[22m
[2mdist/[22m[36massets/wifi-off-D1IZnwIA.js                                         [39m[1m[2m     0.63 kB[22m[1m[22m[2m Γöé gzip:     0.38 kB[22m
[2mdist/[22m[36massets/trophy-CmoXRjZP.js                                           [39m[1m[2m     0.63 kB[22m[1m[22m[2m Γöé gzip:     0.39 kB[22m
[2mdist/[22m[36massets/cursor-transparent-CaQLshC_.js                               [39m[1m[2m     0.64 kB[22m[1m[22m[2m Γöé gzip:     0.37 kB[22m
[2mdist/[22m[36massets/pen-tool-DRgu7fzg.js                                         [39m[1m[2m     0.64 kB[22m[1m[22m[2m Γöé gzip:     0.40 kB[22m
[2mdist/[22m[36massets/twitterIcon-BGyZAndo.js                                      [39m[1m[2m     0.64 kB[22m[1m[22m[2m Γöé gzip:     0.40 kB[22m
[2mdist/[22m[36massets/mobile-BlBnJTK8.js                                           [39m[1m[2m     0.65 kB[22m[1m[22m[2m Γöé gzip:     0.34 kB[22m
[2mdist/[22m[36massets/query-client-Bd39oo8G.js                                     [39m[1m[2m     0.66 kB[22m[1m[22m[2m Γöé gzip:     0.46 kB[22m
[2mdist/[22m[36massets/calendar-days-TzP7nCl4.js                                    [39m[1m[2m     0.66 kB[22m[1m[22m[2m Γöé gzip:     0.37 kB[22m
[2mdist/[22m[36massets/library-C9zv4bva.js                                          [39m[1m[2m     0.68 kB[22m[1m[22m[2m Γöé gzip:     0.34 kB[22m
[2mdist/[22m[36massets/checkmark-bold-BQD7BJvr.js                                   [39m[1m[2m     0.71 kB[22m[1m[22m[2m Γöé gzip:     0.46 kB[22m
[2mdist/[22m[36massets/use-spring-3Z25mOaU.js                                       [39m[1m[2m     0.72 kB[22m[1m[22m[2m Γöé gzip:     0.46 kB[22m
[2mdist/[22m[36massets/swords-DG4-Ko0B.js                                           [39m[1m[2m     0.72 kB[22m[1m[22m[2m Γöé gzip:     0.39 kB[22m
[2mdist/[22m[36massets/hyperevm-VKPAA4SA-CHwraEsx.js                                [39m[1m[2m     0.73 kB[22m[1m[22m[2m Γöé gzip:     0.41 kB[22m
[2mdist/[22m[36massets/optimism-HAF2GUT7-ec6Nqxs9.js                                [39m[1m[2m     0.73 kB[22m[1m[22m[2m Γöé gzip:     0.38 kB[22m
[2mdist/[22m[36massets/monad-4KWC6TSS-DVXSkpiz.js                                   [39m[1m[2m     0.74 kB[22m[1m[22m[2m Γöé gzip:     0.40 kB[22m
[2mdist/[22m[36massets/user-cog-C9HleeBk.js                                         [39m[1m[2m     0.75 kB[22m[1m[22m[2m Γöé gzip:     0.42 kB[22m
[2mdist/[22m[36massets/sliders-vertical-DtmaSchM.js                                 [39m[1m[2m     0.75 kB[22m[1m[22m[2m Γöé gzip:     0.37 kB[22m
[2mdist/[22m[36massets/etherscan-DTUwoNtB.js                                        [39m[1m[2m     0.76 kB[22m[1m[22m[2m Γöé gzip:     0.47 kB[22m
[2mdist/[22m[36massets/checkmark-BJ0Zo-bf.js                                        [39m[1m[2m     0.76 kB[22m[1m[22m[2m Γöé gzip:     0.49 kB[22m
[2mdist/[22m[36massets/help-circle-Bwb-1dpa.js                                      [39m[1m[2m     0.77 kB[22m[1m[22m[2m Γöé gzip:     0.45 kB[22m
[2mdist/[22m[36massets/fingerprint-CwHw7t6P.js                                      [39m[1m[2m     0.77 kB[22m[1m[22m[2m Γöé gzip:     0.45 kB[22m
[2mdist/[22m[36massets/wallet-CFx3slgk.js                                           [39m[1m[2m     0.78 kB[22m[1m[22m[2m Γöé gzip:     0.44 kB[22m
[2mdist/[22m[36massets/gamepad-2-CVf32EMo.js                                        [39m[1m[2m     0.79 kB[22m[1m[22m[2m Γöé gzip:     0.48 kB[22m
[2mdist/[22m[36massets/plus-BocHwlxL.js                                             [39m[1m[2m     0.82 kB[22m[1m[22m[2m Γöé gzip:     0.45 kB[22m
[2mdist/[22m[36massets/verify-filled-BCSyVSQc.js                                    [39m[1m[2m     0.82 kB[22m[1m[22m[2m Γöé gzip:     0.49 kB[22m
[2mdist/[22m[36massets/add-CHluaAKB.js                                              [39m[1m[2m     0.83 kB[22m[1m[22m[2m Γöé gzip:     0.45 kB[22m
[2mdist/[22m[36massets/repeat-Cms6XnUZ.js                                           [39m[1m[2m     0.84 kB[22m[1m[22m[2m Γöé gzip:     0.42 kB[22m
[2mdist/[22m[36massets/flow-5FQJFCTK-CUie2reO.js                                    [39m[1m[2m     0.86 kB[22m[1m[22m[2m Γöé gzip:     0.39 kB[22m
[2mdist/[22m[36massets/google-BMrVBzxA.js                                           [39m[1m[2m     0.87 kB[22m[1m[22m[2m Γöé gzip:     0.48 kB[22m
[2mdist/[22m[36massets/scroll-text-UhPoYmBL.js                                      [39m[1m[2m     0.90 kB[22m[1m[22m[2m Γöé gzip:     0.44 kB[22m
[2mdist/[22m[36massets/three-dots-DNpPEP-Q.js                                       [39m[1m[2m     0.90 kB[22m[1m[22m[2m Γöé gzip:     0.44 kB[22m
[2mdist/[22m[36massets/clock-DIPJ3V-0.js                                            [39m[1m[2m     0.90 kB[22m[1m[22m[2m Γöé gzip:     0.50 kB[22m
[2mdist/[22m[36massets/baseAccount-44UITRK7-CsjdbWCf.js                             [39m[1m[2m     0.90 kB[22m[1m[22m[2m Γöé gzip:     0.39 kB[22m
[2mdist/[22m[36massets/alert-Bmx24r8N.js                                            [39m[1m[2m     0.91 kB[22m[1m[22m[2m Γöé gzip:     0.47 kB[22m
[2mdist/[22m[36massets/disconnect-hmzpipu0.js                                       [39m[1m[2m     0.95 kB[22m[1m[22m[2m Γöé gzip:     0.53 kB[22m
[2mdist/[22m[36massets/index-nibyPLVP.js                                            [39m[1m[2m     0.95 kB[22m[1m[22m[2m Γöé gzip:     0.47 kB[22m
[2mdist/[22m[36massets/twitch-Xn2K1V_G.js                                           [39m[1m[2m     0.96 kB[22m[1m[22m[2m Γöé gzip:     0.52 kB[22m
[2mdist/[22m[36massets/subscription-service-DcnJNEO1.js                             [39m[1m[2m     0.96 kB[22m[1m[22m[2m Γöé gzip:     0.51 kB[22m
[2mdist/[22m[36massets/sun-B626kjZ8.js                                              [39m[1m[2m     0.96 kB[22m[1m[22m[2m Γöé gzip:     0.44 kB[22m
[2mdist/[22m[36massets/unichain-C5BWO2ZY-BfguYsnu.js                                [39m[1m[2m     0.98 kB[22m[1m[22m[2m Γöé gzip:     0.46 kB[22m
[2mdist/[22m[36massets/superposition-HG6MMR2Y-bRkgatRO.js                           [39m[1m[2m     0.99 kB[22m[1m[22m[2m Γöé gzip:     0.55 kB[22m
[2mdist/[22m[36massets/bank-DwXIRGfW.js                                             [39m[1m[2m     1.00 kB[22m[1m[22m[2m Γöé gzip:     0.55 kB[22m
[2mdist/[22m[36massets/move-Dteggumm.js                                             [39m[1m[2m     1.02 kB[22m[1m[22m[2m Γöé gzip:     0.45 kB[22m
[2mdist/[22m[36massets/apple-CQgVLAnB.js                                            [39m[1m[2m     1.02 kB[22m[1m[22m[2m Γöé gzip:     0.55 kB[22m
[2mdist/[22m[36massets/linea-QRMVQ5DY-DuI3vv0d.js                                   [39m[1m[2m     1.05 kB[22m[1m[22m[2m Γöé gzip:     0.47 kB[22m
[2mdist/[22m[36massets/file-json-C_slgApb.js                                        [39m[1m[2m     1.06 kB[22m[1m[22m[2m Γöé gzip:     0.46 kB[22m
[2mdist/[22m[36massets/AdminCrossNav-CvnLBTBY.js                                    [39m[1m[2m     1.06 kB[22m[1m[22m[2m Γöé gzip:     0.63 kB[22m
[2mdist/[22m[36massets/play-store-CdUU_vn_.js                                       [39m[1m[2m     1.06 kB[22m[1m[22m[2m Γöé gzip:     0.54 kB[22m
[2mdist/[22m[36massets/farcaster-TV3zMJZx.js                                        [39m[1m[2m     1.07 kB[22m[1m[22m[2m Γöé gzip:     0.55 kB[22m
[2mdist/[22m[36massets/timeline-constants-CBwKLFfq.js                               [39m[1m[2m     1.08 kB[22m[1m[22m[2m Γöé gzip:     0.51 kB[22m
[2mdist/[22m[36massets/zksync-DH7HK5U4-Dt4usFw6.js                                  [39m[1m[2m     1.11 kB[22m[1m[22m[2m Γöé gzip:     0.49 kB[22m
[2mdist/[22m[36massets/video-generation-test-BlXv6QHU.js                            [39m[1m[2m     1.12 kB[22m[1m[22m[2m Γöé gzip:     0.57 kB[22m
[2mdist/[22m[36massets/puzzle-Dh1CsIfz.js                                           [39m[1m[2m     1.13 kB[22m[1m[22m[2m Γöé gzip:     0.62 kB[22m
[2mdist/[22m[36massets/arrow-bottom-circle-CO55VAPI.js                              [39m[1m[2m     1.19 kB[22m[1m[22m[2m Γöé gzip:     0.55 kB[22m
[2mdist/[22m[36massets/github-BHUpi-oD.js                                           [39m[1m[2m     1.19 kB[22m[1m[22m[2m Γöé gzip:     0.62 kB[22m
[2mdist/[22m[36massets/swapHorizontalBold-DQdEbmVu.js                               [39m[1m[2m     1.22 kB[22m[1m[22m[2m Γöé gzip:     0.64 kB[22m
[2mdist/[22m[36massets/camera-movements-test-BXXCiKLl.js                            [39m[1m[2m     1.23 kB[22m[1m[22m[2m Γöé gzip:     0.63 kB[22m
[2mdist/[22m[36massets/app-store-C7otyFJ4.js                                        [39m[1m[2m     1.26 kB[22m[1m[22m[2m Γöé gzip:     0.70 kB[22m
[2mdist/[22m[36massets/sliders-horizontal-BKLO1-wW.js                               [39m[1m[2m     1.26 kB[22m[1m[22m[2m Γöé gzip:     0.53 kB[22m
[2mdist/[22m[36massets/use-artist-context-CZPOTURu.js                               [39m[1m[2m     1.26 kB[22m[1m[22m[2m Γöé gzip:     0.73 kB[22m
[2mdist/[22m[36massets/mail-DntP_AWP.js                                             [39m[1m[2m     1.26 kB[22m[1m[22m[2m Γöé gzip:     0.68 kB[22m
[2mdist/[22m[36massets/avalanche-KOMJD3XY-Dsn_JPR4.js                               [39m[1m[2m     1.27 kB[22m[1m[22m[2m Γöé gzip:     0.66 kB[22m
[2mdist/[22m[36massets/facebook-CsKBh9B0.js                                         [39m[1m[2m     1.29 kB[22m[1m[22m[2m Γöé gzip:     0.67 kB[22m
[2mdist/[22m[36massets/kling-service-BB77jASm.js                                    [39m[1m[2m     1.30 kB[22m[1m[22m[2m Γöé gzip:     0.52 kB[22m
[2mdist/[22m[36massets/xdc-KJ3TDBYO-DNV6zchh.js                                     [39m[1m[2m     1.31 kB[22m[1m[22m[2m Γöé gzip:     0.60 kB[22m
[2mdist/[22m[36massets/wallet-placeholder-D-PadOr2.js                               [39m[1m[2m     1.32 kB[22m[1m[22m[2m Γöé gzip:     0.61 kB[22m
[2mdist/[22m[36massets/desktop-DmVgQ_Vo.js                                          [39m[1m[2m     1.33 kB[22m[1m[22m[2m Γöé gzip:     0.66 kB[22m
[2mdist/[22m[36massets/subscription-cancelled-fSzqilZ5.js                           [39m[1m[2m     1.34 kB[22m[1m[22m[2m Γöé gzip:     0.67 kB[22m
[2mdist/[22m[36massets/discord-Dr74aezs.js                                          [39m[1m[2m     1.36 kB[22m[1m[22m[2m Γöé gzip:     0.68 kB[22m
[2mdist/[22m[36massets/swapHorizontalMedium-CD37XmzN.js                             [39m[1m[2m     1.36 kB[22m[1m[22m[2m Γöé gzip:     0.70 kB[22m
[2mdist/[22m[36massets/ethereum-RGGVA4PY-SWGOlkuk.js                                [39m[1m[2m     1.37 kB[22m[1m[22m[2m Γöé gzip:     0.45 kB[22m
[2mdist/[22m[36massets/ink-FZMYZWHG-62p-5IK5.js                                     [39m[1m[2m     1.38 kB[22m[1m[22m[2m Γöé gzip:     0.61 kB[22m
[2mdist/[22m[36massets/audio-segmentation-CQC5H6Q-.js                               [39m[1m[2m     1.39 kB[22m[1m[22m[2m Γöé gzip:     0.79 kB[22m
[2mdist/[22m[36massets/recycle-horizontal-Brk2pDw6.js                               [39m[1m[2m     1.40 kB[22m[1m[22m[2m Γöé gzip:     0.73 kB[22m
[2mdist/[22m[36massets/apechain-SX5YFU6N-q5qBv-mp.js                                [39m[1m[2m     1.46 kB[22m[1m[22m[2m Γöé gzip:     0.64 kB[22m
[2mdist/[22m[36massets/kaia-65D2U3PU-JmuLQ4gC.js                                    [39m[1m[2m     1.48 kB[22m[1m[22m[2m Γöé gzip:     0.67 kB[22m
[2mdist/[22m[36massets/degen-FQQ4XGHB-CeHTs88l.js                                   [39m[1m[2m     1.49 kB[22m[1m[22m[2m Γöé gzip:     0.72 kB[22m
[2mdist/[22m[36massets/table-DutHjzeC.js                                            [39m[1m[2m     1.49 kB[22m[1m[22m[2m Γöé gzip:     0.51 kB[22m
[2mdist/[22m[36massets/extension-CiIxcuMS.js                                        [39m[1m[2m     1.49 kB[22m[1m[22m[2m Γöé gzip:     0.72 kB[22m
[2mdist/[22m[36massets/telegram-DDPMX-Jo.js                                         [39m[1m[2m     1.51 kB[22m[1m[22m[2m Γöé gzip:     0.86 kB[22m
[2mdist/[22m[36massets/swapHorizontalRoundedBold-CLXXkvNU.js                        [39m[1m[2m     1.51 kB[22m[1m[22m[2m Γöé gzip:     0.79 kB[22m
[2mdist/[22m[36massets/cronos-HJPAQTAE-BEOvlOC4.js                                  [39m[1m[2m     1.52 kB[22m[1m[22m[2m Γöé gzip:     0.61 kB[22m
[2mdist/[22m[36massets/verify-BXjaU8ml.js                                           [39m[1m[2m     1.53 kB[22m[1m[22m[2m Γöé gzip:     0.73 kB[22m
[2mdist/[22m[36massets/polygon-WW6ZI7PM-DXlmm4L1.js                                 [39m[1m[2m     1.53 kB[22m[1m[22m[2m Γöé gzip:     0.63 kB[22m
[2mdist/[22m[36massets/gravity-J5YQHTYH-Bj6B0uod.js                                 [39m[1m[2m     1.54 kB[22m[1m[22m[2m Γöé gzip:     0.74 kB[22m
[2mdist/[22m[36massets/video-service-BKA1fKT9.js                                    [39m[1m[2m     1.55 kB[22m[1m[22m[2m Γöé gzip:     0.66 kB[22m
[2mdist/[22m[36massets/qr-code-B04-PTy7.js                                          [39m[1m[2m     1.57 kB[22m[1m[22m[2m Γöé gzip:     0.55 kB[22m
[2mdist/[22m[36massets/bsc-N647EYR2-B2nLKXWV.js                                     [39m[1m[2m     1.59 kB[22m[1m[22m[2m Γöé gzip:     0.61 kB[22m
[2mdist/[22m[36massets/openrouteraiagents-C_bs_2c7.js                               [39m[1m[2m     1.60 kB[22m[1m[22m[2m Γöé gzip:     0.96 kB[22m
[2mdist/[22m[36massets/plan-tier-guard-BtIGuAUW.js                                  [39m[1m[2m     1.61 kB[22m[1m[22m[2m Γöé gzip:     0.80 kB[22m
[2mdist/[22m[36massets/browser-CQMoWoez.js                                          [39m[1m[2m     1.64 kB[22m[1m[22m[2m Γöé gzip:     0.81 kB[22m
[2mdist/[22m[36massets/achievements-page-tZvyzGfS.js                                [39m[1m[2m     1.66 kB[22m[1m[22m[2m Γöé gzip:     0.77 kB[22m
[2mdist/[22m[36massets/blast-V555OVXZ-BbhJh1tj.js                                   [39m[1m[2m     1.67 kB[22m[1m[22m[2m Γöé gzip:     0.73 kB[22m
[2mdist/[22m[36massets/Sparkline-KsndEQJd.js                                        [39m[1m[2m     1.67 kB[22m[1m[22m[2m Γöé gzip:     0.93 kB[22m
[2mdist/[22m[36massets/mini-studio-KwVq_nXd.js                                      [39m[1m[2m     1.68 kB[22m[1m[22m[2m Γöé gzip:     0.82 kB[22m
[2mdist/[22m[36massets/auto-profile-service-B3p5tTfW.js                             [39m[1m[2m     1.69 kB[22m[1m[22m[2m Γöé gzip:     0.52 kB[22m
[2mdist/[22m[36massets/my-artist-DMFL1jDU.js                                        [39m[1m[2m     1.70 kB[22m[1m[22m[2m Γöé gzip:     0.90 kB[22m
[2mdist/[22m[36massets/network-placeholder-CUZg4xnP.js                              [39m[1m[2m     1.71 kB[22m[1m[22m[2m Γöé gzip:     0.75 kB[22m
[2mdist/[22m[36massets/Chrome-65Q5P54Y-DR9MQEVr.js                                  [39m[1m[2m     1.72 kB[22m[1m[22m[2m Γöé gzip:     0.58 kB[22m
[2mdist/[22m[36massets/privacy-B1eeJ9LF.js                                          [39m[1m[2m     1.76 kB[22m[1m[22m[2m Γöé gzip:     0.67 kB[22m
[2mdist/[22m[36massets/mock-voice-data-BQXHgr7s.js                                  [39m[1m[2m     1.79 kB[22m[1m[22m[2m Γöé gzip:     0.71 kB[22m
[2mdist/[22m[36massets/cookies-DfbwdU_s.js                                          [39m[1m[2m     1.79 kB[22m[1m[22m[2m Γöé gzip:     0.68 kB[22m
[2mdist/[22m[36massets/gnosis-37ZC4RBL-B137OtHZ.js                                  [39m[1m[2m     1.80 kB[22m[1m[22m[2m Γöé gzip:     0.72 kB[22m
[2mdist/[22m[36massets/id-ndgv5hVH.js                                               [39m[1m[2m     1.81 kB[22m[1m[22m[2m Γöé gzip:     0.83 kB[22m
[2mdist/[22m[36massets/nftPlaceholder-DgSxegW9.js                                   [39m[1m[2m     1.81 kB[22m[1m[22m[2m Γöé gzip:     0.89 kB[22m
[2mdist/[22m[36massets/safeWallet-5MNKTR5Z-D-5imDLD.js                              [39m[1m[2m     1.82 kB[22m[1m[22m[2m Γöé gzip:     0.71 kB[22m
[2mdist/[22m[36massets/wallet-connect-button-CwByYpTw.js                            [39m[1m[2m     1.83 kB[22m[1m[22m[2m Γöé gzip:     0.85 kB[22m
[2mdist/[22m[36massets/walletConnectWallet-YHWKVTDY-D3lyiczV.js                     [39m[1m[2m     1.88 kB[22m[1m[22m[2m Γöé gzip:     0.70 kB[22m
[2mdist/[22m[36massets/music-video-workflow-page-DkOugoj9.js                        [39m[1m[2m     1.99 kB[22m[1m[22m[2m Γöé gzip:     1.02 kB[22m
[2mdist/[22m[36massets/kling-test-nxS4kO15.js                                       [39m[1m[2m     2.04 kB[22m[1m[22m[2m Γöé gzip:     0.79 kB[22m
[2mdist/[22m[36massets/artist-profile-service-BoLjIojv.js                           [39m[1m[2m     2.04 kB[22m[1m[22m[2m Γöé gzip:     0.77 kB[22m
[2mdist/[22m[36massets/product-cancelled-C848m8QA.js                                [39m[1m[2m     2.08 kB[22m[1m[22m[2m Γöé gzip:     0.85 kB[22m
[2mdist/[22m[36massets/Opera-KQZLSACL-Cwv5MDFy.js                                   [39m[1m[2m     2.10 kB[22m[1m[22m[2m Γöé gzip:     0.76 kB[22m
[2mdist/[22m[36massets/piano-0AcS7SDR.js                                            [39m[1m[2m     2.15 kB[22m[1m[22m[2m Γöé gzip:     0.80 kB[22m
[2mdist/[22m[36massets/terms-CHFN-Sqx.js                                            [39m[1m[2m     2.17 kB[22m[1m[22m[2m Γöé gzip:     0.87 kB[22m
[2mdist/[22m[36massets/subscription-feature-DK-dgBcl.js                             [39m[1m[2m     2.17 kB[22m[1m[22m[2m Γöé gzip:     0.87 kB[22m
[2mdist/[22m[36massets/index-BaSKAjEX.js                                            [39m[1m[2m     2.17 kB[22m[1m[22m[2m Γöé gzip:     0.97 kB[22m
[2mdist/[22m[36massets/formatDistanceToNow-C2j-I6ER.js                              [39m[1m[2m     2.18 kB[22m[1m[22m[2m Γöé gzip:     0.93 kB[22m
[2mdist/[22m[36massets/index-DRRlztD0.js                                            [39m[1m[2m     2.26 kB[22m[1m[22m[2m Γöé gzip:     1.09 kB[22m
[2mdist/[22m[36massets/info-Czl7WcYT.js                                             [39m[1m[2m     2.32 kB[22m[1m[22m[2m Γöé gzip:     1.17 kB[22m
[2mdist/[22m[36massets/pixverse-lipsync-DGdkjuIQ.js                                 [39m[1m[2m     2.40 kB[22m[1m[22m[2m Γöé gzip:     1.17 kB[22m
[2mdist/[22m[36massets/exclamation-triangle-BmSFkx24.js                             [39m[1m[2m     2.48 kB[22m[1m[22m[2m Γöé gzip:     1.16 kB[22m
[2mdist/[22m[36massets/send-ClQDw2EQ.js                                             [39m[1m[2m     2.48 kB[22m[1m[22m[2m Γöé gzip:     1.30 kB[22m
[2mdist/[22m[36massets/try-on-page-KC5RIzmM.js                                      [39m[1m[2m     2.56 kB[22m[1m[22m[2m Γöé gzip:     1.07 kB[22m
[2mdist/[22m[36massets/arbitrum-WURIBY6W-CqVkHBr5.js                                [39m[1m[2m     2.59 kB[22m[1m[22m[2m Γöé gzip:     0.86 kB[22m
[2mdist/[22m[36massets/scroll-5OBGQVOV-DJFECiai.js                                  [39m[1m[2m     2.63 kB[22m[1m[22m[2m Γöé gzip:     1.02 kB[22m
[2mdist/[22m[36massets/card-DQ5ny4tY.js                                             [39m[1m[2m     2.65 kB[22m[1m[22m[2m Γöé gzip:     1.20 kB[22m
[2mdist/[22m[36massets/chrome-store-qSHOp_um.js                                     [39m[1m[2m     2.65 kB[22m[1m[22m[2m Γöé gzip:     1.04 kB[22m
[2mdist/[22m[36massets/reown-logo-CWi5UOq7.js                                       [39m[1m[2m     2.66 kB[22m[1m[22m[2m Γöé gzip:     1.09 kB[22m
[2mdist/[22m[36massets/ronin-EMCPYXZT-N-QBHZdV.js                                   [39m[1m[2m     2.67 kB[22m[1m[22m[2m Γöé gzip:     1.20 kB[22m
[2mdist/[22m[36massets/zora-FYL5H3IO-iB4wygST.js                                    [39m[1m[2m     2.68 kB[22m[1m[22m[2m Γöé gzip:     0.59 kB[22m
[2mdist/[22m[36massets/ccip-eHsTBCAc.js                                             [39m[1m[2m     2.68 kB[22m[1m[22m[2m Γöé gzip:     1.27 kB[22m
[2mdist/[22m[36massets/lightbulb-Cc80wtWp.js                                        [39m[1m[2m     2.77 kB[22m[1m[22m[2m Γöé gzip:     1.24 kB[22m
[2mdist/[22m[36massets/music-video-cancelled-BjIH7gI6.js                            [39m[1m[2m     2.88 kB[22m[1m[22m[2m Γöé gzip:     1.07 kB[22m
[2mdist/[22m[36massets/subscription-success-CzWo3efV.js                             [39m[1m[2m     2.94 kB[22m[1m[22m[2m Γöé gzip:     1.18 kB[22m
[2mdist/[22m[36massets/refresh-S4T5V5GX-CwqIaaxK.js                                 [39m[1m[2m     3.00 kB[22m[1m[22m[2m Γöé gzip:     0.95 kB[22m
[2mdist/[22m[36massets/manta-SI27YFEJ-CpVOKa06.js                                   [39m[1m[2m     3.20 kB[22m[1m[22m[2m Γöé gzip:     1.33 kB[22m
[2mdist/[22m[36massets/music-video-success-BCP6v4HH.js                              [39m[1m[2m     3.28 kB[22m[1m[22m[2m Γöé gzip:     1.36 kB[22m
[2mdist/[22m[36massets/env-Cxdz6kBc.js                                              [39m[1m[2m     3.31 kB[22m[1m[22m[2m Γöé gzip:     1.58 kB[22m
[2mdist/[22m[36massets/progress-CU0lgTt-.js                                         [39m[1m[2m     3.32 kB[22m[1m[22m[2m Γöé gzip:     1.57 kB[22m
[2mdist/[22m[36massets/layout-DkA3VevN.js                                           [39m[1m[2m     3.50 kB[22m[1m[22m[2m Γöé gzip:     0.94 kB[22m
[2mdist/[22m[36massets/connect-UA7M4XW6-IY3X6Bmr.js                                 [39m[1m[2m     3.55 kB[22m[1m[22m[2m Γöé gzip:     1.08 kB[22m
[2mdist/[22m[36massets/image-5p22_ayS.js                                            [39m[1m[2m     3.55 kB[22m[1m[22m[2m Γöé gzip:     1.53 kB[22m
[2mdist/[22m[36massets/avatar-c1NgNgIC.js                                           [39m[1m[2m     3.60 kB[22m[1m[22m[2m Γöé gzip:     1.61 kB[22m
[2mdist/[22m[36massets/berachain-NJECWIVC-DumxnFvf.js                               [39m[1m[2m     3.78 kB[22m[1m[22m[2m Γöé gzip:     1.25 kB[22m
[2mdist/[22m[36massets/checkbox-hBM4lITX.js                                         [39m[1m[2m     3.84 kB[22m[1m[22m[2m Γöé gzip:     1.70 kB[22m
[2mdist/[22m[36massets/firebase-storage-B0WXBT_b.js                                 [39m[1m[2m     3.84 kB[22m[1m[22m[2m Γöé gzip:     1.66 kB[22m
[2mdist/[22m[36massets/copy-o5MYmd0Z.js                                             [39m[1m[2m     3.87 kB[22m[1m[22m[2m Γöé gzip:     1.50 kB[22m
[2mdist/[22m[36massets/artist-selector-Dp1DQfKY.js                                  [39m[1m[2m     4.11 kB[22m[1m[22m[2m Γöé gzip:     1.46 kB[22m
[2mdist/[22m[36massets/walletconnect-C6YYKntp.js                                    [39m[1m[2m     4.12 kB[22m[1m[22m[2m Γöé gzip:     1.69 kB[22m
[2mdist/[22m[36massets/hardhat-TX56IT5N-CV1FY-wE.js                                 [39m[1m[2m     4.20 kB[22m[1m[22m[2m Γöé gzip:     1.35 kB[22m
[2mdist/[22m[36massets/Brave-BRAKJXDS-mq-Xo37j.js                                   [39m[1m[2m     4.26 kB[22m[1m[22m[2m Γöé gzip:     1.49 kB[22m
[2mdist/[22m[36massets/create-FASO7PVG-D_rvSpre.js                                  [39m[1m[2m     4.33 kB[22m[1m[22m[2m Γöé gzip:     1.09 kB[22m
[2mdist/[22m[36massets/social-media-generator-vlg8-X-1.js                           [39m[1m[2m     4.37 kB[22m[1m[22m[2m Γöé gzip:     1.80 kB[22m
[2mdist/[22m[36massets/music-video-project-service-D1F9kU4V.js                      [39m[1m[2m     4.48 kB[22m[1m[22m[2m Γöé gzip:     1.62 kB[22m
[2mdist/[22m[36massets/accordion-BsWOZHth.js                                        [39m[1m[2m     4.58 kB[22m[1m[22m[2m Γöé gzip:     1.83 kB[22m
[2mdist/[22m[36massets/scan-4UYSQ56Q-CjMz6-XC.js                                    [39m[1m[2m     4.59 kB[22m[1m[22m[2m Γöé gzip:     1.16 kB[22m
[2mdist/[22m[36massets/article-yy4Euor3.js                                          [39m[1m[2m     4.96 kB[22m[1m[22m[2m Γöé gzip:     1.93 kB[22m
[2mdist/[22m[36massets/professional-editor-DzFB64au.js                              [39m[1m[2m     4.99 kB[22m[1m[22m[2m Γöé gzip:     1.64 kB[22m
[2mdist/[22m[36massets/diagnostics-BfqEFWhQ.js                                      [39m[1m[2m     5.00 kB[22m[1m[22m[2m Γöé gzip:     1.60 kB[22m
[2mdist/[22m[36massets/rainbowWallet-O26YNBMX-DUhYus-9.js                           [39m[1m[2m     5.12 kB[22m[1m[22m[2m Γöé gzip:     0.96 kB[22m
[2mdist/[22m[36massets/debug-firebase-Cau6QNsq.js                                   [39m[1m[2m     5.15 kB[22m[1m[22m[2m Γöé gzip:     1.31 kB[22m
[2mdist/[22m[36massets/real-time-translator-Dfk9uFGO.js                             [39m[1m[2m     5.15 kB[22m[1m[22m[2m Γöé gzip:     2.13 kB[22m
[2mdist/[22m[36massets/privacy-extension-BmLwF6ZE.js                                [39m[1m[2m     5.21 kB[22m[1m[22m[2m Γöé gzip:     1.53 kB[22m
[2mdist/[22m[36massets/mantle-CKIUT334-DR2WgqzU.js                                  [39m[1m[2m     5.27 kB[22m[1m[22m[2m Γöé gzip:     2.25 kB[22m
[2mdist/[22m[36massets/product-success-CyrmlCVC.js                                  [39m[1m[2m     5.41 kB[22m[1m[22m[2m Γöé gzip:     1.91 kB[22m
[2mdist/[22m[36massets/test-progress-DiRXudWE.js                                    [39m[1m[2m     5.42 kB[22m[1m[22m[2m Γöé gzip:     1.74 kB[22m
[2mdist/[22m[36massets/messages-BVeyoEu3.js                                         [39m[1m[2m     5.44 kB[22m[1m[22m[2m Γöé gzip:     1.97 kB[22m
[2mdist/[22m[36massets/sign-A7IJEUT5-CGsRnPrd.js                                    [39m[1m[2m     5.55 kB[22m[1m[22m[2m Γöé gzip:     4.23 kB[22m
[2mdist/[22m[36massets/init-products-CqOyL35s.js                                    [39m[1m[2m     5.67 kB[22m[1m[22m[2m Γöé gzip:     2.11 kB[22m
[2mdist/[22m[36massets/account-Bu-Bso3_.js                                          [39m[1m[2m     5.78 kB[22m[1m[22m[2m Γöé gzip:     1.98 kB[22m
[2mdist/[22m[36massets/Edge-XSPUTORV-DEoZslQE.js                                    [39m[1m[2m     5.82 kB[22m[1m[22m[2m Γöé gzip:     1.34 kB[22m
[2mdist/[22m[36massets/index-DdIaIkAS.js                                            [39m[1m[2m     5.92 kB[22m[1m[22m[2m Γöé gzip:     2.15 kB[22m
[2mdist/[22m[36massets/global-BWAFX9lw.js                                           [39m[1m[2m     6.03 kB[22m[1m[22m[2m Γöé gzip:     1.68 kB[22m
[2mdist/[22m[36massets/events-CQ-4lBZT.js                                           [39m[1m[2m     6.14 kB[22m[1m[22m[2m Γöé gzip:     2.12 kB[22m
[2mdist/[22m[36massets/affiliates-new-DPKsO8uP.js                                   [39m[1m[2m     6.38 kB[22m[1m[22m[2m Γöé gzip:     1.81 kB[22m
[2mdist/[22m[36massets/Arc-VDBY7LNS-BChRXCXW.js                                     [39m[1m[2m     6.62 kB[22m[1m[22m[2m Γöé gzip:     1.62 kB[22m
[2mdist/[22m[36massets/popover-D4xX6EVQ.js                                          [39m[1m[2m     6.70 kB[22m[1m[22m[2m Γöé gzip:     2.49 kB[22m
[2mdist/[22m[36massets/subscription-example-CXxYXv2s.js                             [39m[1m[2m     7.04 kB[22m[1m[22m[2m Γöé gzip:     2.10 kB[22m
[2mdist/[22m[36massets/face-swap-DENcIDGJ.js                                        [39m[1m[2m     7.08 kB[22m[1m[22m[2m Γöé gzip:     2.62 kB[22m
[2mdist/[22m[36massets/podcast-episodes-DEDq75SC.js                                 [39m[1m[2m     7.19 kB[22m[1m[22m[2m Γöé gzip:     2.50 kB[22m
[2mdist/[22m[36massets/simple-tryon-improved-BZMuKX96.js                            [39m[1m[2m     7.19 kB[22m[1m[22m[2m Γöé gzip:     2.36 kB[22m
[2mdist/[22m[36massets/use-btf-token-D7yxiV3O.js                                    [39m[1m[2m     7.39 kB[22m[1m[22m[2m Γöé gzip:     2.46 kB[22m
[2mdist/[22m[36massets/smart-cards-B9m4A7q9.js                                      [39m[1m[2m     7.45 kB[22m[1m[22m[2m Γöé gzip:     2.37 kB[22m
[2mdist/[22m[36massets/copyright-verify-CZGkWdKZ.js                                 [39m[1m[2m     7.66 kB[22m[1m[22m[2m Γöé gzip:     2.40 kB[22m
[2mdist/[22m[36massets/ecosystem-BdnZ7OIn.js                                        [39m[1m[2m     7.78 kB[22m[1m[22m[2m Γöé gzip:     1.67 kB[22m
[2mdist/[22m[36massets/createPublicClient-CvpTyeAK.js                               [39m[1m[2m     8.02 kB[22m[1m[22m[2m Γöé gzip:     3.30 kB[22m
[2mdist/[22m[36massets/tooltip-clWD8NZT.js                                          [39m[1m[2m     8.05 kB[22m[1m[22m[2m Γöé gzip:     3.02 kB[22m
[2mdist/[22m[36massets/timeline-demo-DcOhGXAr.js                                    [39m[1m[2m     8.36 kB[22m[1m[22m[2m Γöé gzip:     2.47 kB[22m
[2mdist/[22m[36massets/venue-proposal-Hdbu3W9F.js                                   [39m[1m[2m     8.46 kB[22m[1m[22m[2m Γöé gzip:     2.51 kB[22m
[2mdist/[22m[36massets/metaMaskWallet-SITXT2FV-BlemcphV.js                          [39m[1m[2m     8.51 kB[22m[1m[22m[2m Γöé gzip:     1.23 kB[22m
[2mdist/[22m[36massets/fal-video-service-BSmxYKUi.js                                [39m[1m[2m     8.69 kB[22m[1m[22m[2m Γöé gzip:     2.95 kB[22m
[2mdist/[22m[36massets/features-CUy4fFYV.js                                         [39m[1m[2m     9.13 kB[22m[1m[22m[2m Γöé gzip:     2.95 kB[22m
[2mdist/[22m[36massets/agent-analytics-dashboard-lFmi8FKx.js                        [39m[1m[2m     9.35 kB[22m[1m[22m[2m Γöé gzip:     2.56 kB[22m
[2mdist/[22m[36massets/blog-Bk4B2BK7.js                                             [39m[1m[2m     9.47 kB[22m[1m[22m[2m Γöé gzip:     3.19 kB[22m
[2mdist/[22m[36massets/videos-C29RAAfl.js                                           [39m[1m[2m     9.66 kB[22m[1m[22m[2m Γöé gzip:     3.24 kB[22m
[2mdist/[22m[36massets/ai-data-manager-Doz4jgxY.js                                  [39m[1m[2m     9.97 kB[22m[1m[22m[2m Γöé gzip:     3.46 kB[22m
[2mdist/[22m[36massets/sponsor-proposal-C24mde2m.js                                 [39m[1m[2m    10.11 kB[22m[1m[22m[2m Γöé gzip:     2.96 kB[22m
[2mdist/[22m[36massets/SpotifyAnimationPlayer-CouGx4eR.js                           [39m[1m[2m    10.50 kB[22m[1m[22m[2m Γöé gzip:     3.32 kB[22m
[2mdist/[22m[36massets/layer-filter-demo-ClqhHPxh.js                                [39m[1m[2m    10.61 kB[22m[1m[22m[2m Γöé gzip:     3.06 kB[22m
[2mdist/[22m[36massets/music-video-pricing-DO8f82iG.js                              [39m[1m[2m    10.69 kB[22m[1m[22m[2m Γöé gzip:     2.71 kB[22m
[2mdist/[22m[36massets/boostify-explicit-CXkJLgvy.js                                [39m[1m[2m    10.77 kB[22m[1m[22m[2m Γöé gzip:     2.91 kB[22m
[2mdist/[22m[36massets/Line-TC-ZN4UK.js                                             [39m[1m[2m    10.91 kB[22m[1m[22m[2m Γöé gzip:     4.18 kB[22m
[2mdist/[22m[36massets/affiliate-admin-DRhS4LdS.js                                  [39m[1m[2m    11.09 kB[22m[1m[22m[2m Γöé gzip:     2.61 kB[22m
[2mdist/[22m[36massets/InstagramAnimationPlayer-DXe8mKVS.js                         [39m[1m[2m    11.36 kB[22m[1m[22m[2m Γöé gzip:     3.59 kB[22m
[2mdist/[22m[36massets/video-generation-test-CGr7PpXj.js                            [39m[1m[2m    11.49 kB[22m[1m[22m[2m Γöé gzip:     3.48 kB[22m
[2mdist/[22m[36massets/RadarChart-Tz4qypNE.js                                       [39m[1m[2m    11.70 kB[22m[1m[22m[2m Γöé gzip:     3.72 kB[22m
[2mdist/[22m[36massets/kling-store-B-BcqSAe.js                                      [39m[1m[2m    11.74 kB[22m[1m[22m[2m Γöé gzip:     3.47 kB[22m
[2mdist/[22m[36massets/token-purchase-success-BTa4GtwH.js                           [39m[1m[2m    11.81 kB[22m[1m[22m[2m Γöé gzip:     3.46 kB[22m
[2mdist/[22m[36massets/Browser-76IHF3Y2-BMhRaC5Z.js                                 [39m[1m[2m    11.82 kB[22m[1m[22m[2m Γöé gzip:     2.18 kB[22m
[2mdist/[22m[36massets/login-UP3DZBGS-Db_wM5oQ.js                                   [39m[1m[2m    12.00 kB[22m[1m[22m[2m Γöé gzip:     2.98 kB[22m
[2mdist/[22m[36massets/agent-performance-dashboard-CVQl03et.js                      [39m[1m[2m    12.08 kB[22m[1m[22m[2m Γöé gzip:     3.21 kB[22m
[2mdist/[22m[36massets/ComposedChart-BLvAcrLj.js                                    [39m[1m[2m    12.10 kB[22m[1m[22m[2m Γöé gzip:     3.89 kB[22m
[2mdist/[22m[36massets/animated-workflow-IVlij_85.js                                [39m[1m[2m    12.22 kB[22m[1m[22m[2m Γöé gzip:     4.18 kB[22m
[2mdist/[22m[36massets/react-stripe.esm-BF7ySNQA.js                                 [39m[1m[2m    13.71 kB[22m[1m[22m[2m Γöé gzip:     4.52 kB[22m
[2mdist/[22m[36massets/Safari-ZPL37GXR-C4Ggg6rz.js                                  [39m[1m[2m    13.75 kB[22m[1m[22m[2m Γöé gzip:     3.75 kB[22m
[2mdist/[22m[36massets/promotion-BSqxe6ez.js                                        [39m[1m[2m    13.94 kB[22m[1m[22m[2m Γöé gzip:     3.80 kB[22m
[2mdist/[22m[36massets/btf-wallet-BpEyzvp1.js                                       [39m[1m[2m    14.02 kB[22m[1m[22m[2m Γöé gzip:     3.66 kB[22m
[2mdist/[22m[36massets/resources-dhRctYV_.js                                        [39m[1m[2m    14.18 kB[22m[1m[22m[2m Γöé gzip:     3.89 kB[22m
[2mdist/[22m[36massets/artist-setup-DHWY3kY8.js                                     [39m[1m[2m    14.34 kB[22m[1m[22m[2m Γöé gzip:     3.89 kB[22m
[2mdist/[22m[36massets/use-btf-artist-mint-DiqHBZtg.js                              [39m[1m[2m    14.38 kB[22m[1m[22m[2m Γöé gzip:     4.51 kB[22m
[2mdist/[22m[36massets/btf-staking-CupIgvdE.js                                      [39m[1m[2m    14.40 kB[22m[1m[22m[2m Γöé gzip:     3.64 kB[22m
[2mdist/[22m[36massets/Firefox-AAHGJQIP-Bp_Hm04m.js                                 [39m[1m[2m    15.19 kB[22m[1m[22m[2m Γöé gzip:     3.39 kB[22m
[2mdist/[22m[36massets/image-generator-simple-Czac6WbB.js                           [39m[1m[2m    15.60 kB[22m[1m[22m[2m Γöé gzip:     4.11 kB[22m
[2mdist/[22m[36massets/videoservice-success-BD5KbS3j.js                             [39m[1m[2m    15.69 kB[22m[1m[22m[2m Γöé gzip:     4.92 kB[22m
[2mdist/[22m[36massets/btf-token-config-DZkbFk0x.js                                 [39m[1m[2m    16.23 kB[22m[1m[22m[2m Γöé gzip:     4.43 kB[22m
[2mdist/[22m[36massets/page-diagnostic-panel-CTYHrcn6.js                            [39m[1m[2m    16.46 kB[22m[1m[22m[2m Γöé gzip:     5.10 kB[22m
[2mdist/[22m[36massets/agent-sdk-chat-ByYnnyXR.js                                   [39m[1m[2m    17.28 kB[22m[1m[22m[2m Γöé gzip:     5.64 kB[22m
[2mdist/[22m[36massets/events-ab2Snxb7.js                                           [39m[1m[2m    17.31 kB[22m[1m[22m[2m Γöé gzip:     4.84 kB[22m
[2mdist/[22m[36massets/store-DYMPTMcn.js                                            [39m[1m[2m    18.13 kB[22m[1m[22m[2m Γöé gzip:     4.97 kB[22m
[2mdist/[22m[36massets/agent-marketplace-BenEEROl.js                                [39m[1m[2m    18.27 kB[22m[1m[22m[2m Γöé gzip:     4.18 kB[22m
[2mdist/[22m[36massets/ai-advisors-v2-DGslaviT.js                                   [39m[1m[2m    18.37 kB[22m[1m[22m[2m Γöé gzip:     6.32 kB[22m
[2mdist/[22m[36massets/tools-D74c24U7.js                                            [39m[1m[2m    18.90 kB[22m[1m[22m[2m Γöé gzip:     5.24 kB[22m
[2mdist/[22m[36massets/firestore-social-BvxjKAgG.js                                 [39m[1m[2m    19.40 kB[22m[1m[22m[2m Γöé gzip:     5.20 kB[22m
[2mdist/[22m[36massets/song-boost-widget-BPRRHYhS.js                                [39m[1m[2m    19.68 kB[22m[1m[22m[2m Γöé gzip:     5.76 kB[22m
[2mdist/[22m[36massets/pricing-cPT3jsjD.js                                          [39m[1m[2m    20.51 kB[22m[1m[22m[2m Γöé gzip:     5.89 kB[22m
[2mdist/[22m[36massets/course-detail-new-CSzMpiP0.js                                [39m[1m[2m    20.67 kB[22m[1m[22m[2m Γöé gzip:     6.11 kB[22m
[2mdist/[22m[36massets/use-btf-sale-xn2Wz8In.js                                     [39m[1m[2m    21.37 kB[22m[1m[22m[2m Γöé gzip:     5.33 kB[22m
[2mdist/[22m[36massets/academy-courses-DuIij1sq.js                                  [39m[1m[2m    21.46 kB[22m[1m[22m[2m Γöé gzip:     6.31 kB[22m
[2mdist/[22m[36massets/ai-video-creation-CO9EG0BL.js                                [39m[1m[2m    21.59 kB[22m[1m[22m[2m Γöé gzip:     7.09 kB[22m
[2mdist/[22m[36massets/videoservice-i18n-B4vEmfps.js                                [39m[1m[2m    21.69 kB[22m[1m[22m[2m Γöé gzip:     8.24 kB[22m
[2mdist/[22m[36massets/sanko-RHQYXGM5-OX010CbN.js                                   [39m[1m[2m    21.93 kB[22m[1m[22m[2m Γöé gzip:    16.45 kB[22m
[2mdist/[22m[36massets/education-new-CGqCzqLs.js                                    [39m[1m[2m    22.13 kB[22m[1m[22m[2m Γöé gzip:     5.92 kB[22m
[2mdist/[22m[36massets/purify.es-B6FQ9oRL.js                                        [39m[1m[2m    22.57 kB[22m[1m[22m[2m Γöé gzip:     8.74 kB[22m
[2mdist/[22m[36massets/assets-Q6ZU7ZJ5-P8HioiAD.js                                  [39m[1m[2m    23.62 kB[22m[1m[22m[2m Γöé gzip:     4.10 kB[22m
[2mdist/[22m[36massets/tips-jYREcRIb.js                                             [39m[1m[2m    24.75 kB[22m[1m[22m[2m Γöé gzip:     8.58 kB[22m
[2mdist/[22m[36massets/gig-marketplace-rules-JhRb17sH.js                            [39m[1m[2m    25.21 kB[22m[1m[22m[2m Γöé gzip:     6.44 kB[22m
[2mdist/[22m[36massets/index-COw66YYD.js                                            [39m[1m[2m    26.36 kB[22m[1m[22m[2m Γöé gzip:     7.51 kB[22m
[2mdist/[22m[36massets/ai-advisors-new-DYu8Rfo5.js                                  [39m[1m[2m    27.28 kB[22m[1m[22m[2m Γöé gzip:     8.46 kB[22m
[2mdist/[22m[36massets/EnhancedTimeline-ColjbjVe.js                                 [39m[1m[2m    28.47 kB[22m[1m[22m[2m Γöé gzip:     8.60 kB[22m
[2mdist/[22m[36massets/artist-store-BQNBgzfu.js                                     [39m[1m[2m    28.90 kB[22m[1m[22m[2m Γöé gzip:     7.27 kB[22m
[2mdist/[22m[36massets/settings-DzjGfFy7.js                                         [39m[1m[2m    29.42 kB[22m[1m[22m[2m Γöé gzip:     6.30 kB[22m
[2mdist/[22m[36massets/artist-profile-Cgfpb8rB.js                                   [39m[1m[2m    29.59 kB[22m[1m[22m[2m Γöé gzip:     9.54 kB[22m
[2mdist/[22m[36massets/zod-Bfv0C7gY.js                                              [39m[1m[2m    29.69 kB[22m[1m[22m[2m Γöé gzip:    11.02 kB[22m
[2mdist/[22m[36massets/tokenization-n6beCzrH.js                                     [39m[1m[2m    30.38 kB[22m[1m[22m[2m Γöé gzip:     8.00 kB[22m
[2mdist/[22m[36massets/timeline-editor-DMSP22wh.js                                  [39m[1m[2m    30.60 kB[22m[1m[22m[2m Γöé gzip:     9.32 kB[22m
[2mdist/[22m[36massets/motion-dna-CacwppmD.js                                       [39m[1m[2m    31.20 kB[22m[1m[22m[2m Γöé gzip:     6.96 kB[22m
[2mdist/[22m[36massets/btf-artist-mint-xDE7px_W.js                                  [39m[1m[2m    31.30 kB[22m[1m[22m[2m Γöé gzip:     7.86 kB[22m
[2mdist/[22m[36massets/kling-tools-CtBvXbzo.js                                      [39m[1m[2m    31.84 kB[22m[1m[22m[2m Γöé gzip:     7.77 kB[22m
[2mdist/[22m[36massets/secp256k1-Csoo8h0R.js                                        [39m[1m[2m    31.95 kB[22m[1m[22m[2m Γöé gzip:    12.73 kB[22m
[2mdist/[22m[36massets/secp256k1-rNJ-PlQc.js                                        [39m[1m[2m    31.98 kB[22m[1m[22m[2m Γöé gzip:    12.75 kB[22m
[2mdist/[22m[36massets/stage-sync-YDuEdw2N.js                                       [39m[1m[2m    32.44 kB[22m[1m[22m[2m Γöé gzip:     8.49 kB[22m
[2mdist/[22m[36massets/music-video-workflow-BvmBIanw.js                             [39m[1m[2m    32.96 kB[22m[1m[22m[2m Γöé gzip:     9.03 kB[22m
[2mdist/[22m[36massets/tiktok-boost-2HK3scqb.js                                     [39m[1m[2m    33.94 kB[22m[1m[22m[2m Γöé gzip:     7.07 kB[22m
[2mdist/[22m[36massets/analytics-DqaTlDED.js                                        [39m[1m[2m    34.96 kB[22m[1m[22m[2m Γöé gzip:     8.10 kB[22m
[2mdist/[22m[36massets/contracts-C5vpZdZj.js                                        [39m[1m[2m    35.10 kB[22m[1m[22m[2m Γöé gzip:    10.32 kB[22m
[2mdist/[22m[36massets/zh_CN-RGMLPFEP-CPkk4IYh.js                                   [39m[1m[2m    35.63 kB[22m[1m[22m[2m Γöé gzip:     5.34 kB[22m
[2mdist/[22m[36massets/zh_TW-HAEH6VE5-r-nym7hs.js                                   [39m[1m[2m    35.95 kB[22m[1m[22m[2m Γöé gzip:     5.00 kB[22m
[2mdist/[22m[36massets/zh_HK-YM3T6EI5-BYHcXtXC.js                                   [39m[1m[2m    36.19 kB[22m[1m[22m[2m Γöé gzip:     5.05 kB[22m
[2mdist/[22m[36massets/index-B9ygI19o.js                                            [39m[1m[2m    36.28 kB[22m[1m[22m[2m Γöé gzip:    14.69 kB[22m
[2mdist/[22m[36massets/video-concepts-i18n-SCh0ORqz.js                              [39m[1m[2m    36.57 kB[22m[1m[22m[2m Γöé gzip:    13.18 kB[22m
[2mdist/[22m[36massets/index-HWAN-ewZ.js                                            [39m[1m[2m    38.87 kB[22m[1m[22m[2m Γöé gzip:     9.39 kB[22m
[2mdist/[22m[36massets/w3m-modal-DTk1w94X.js                                        [39m[1m[2m    40.11 kB[22m[1m[22m[2m Γöé gzip:     9.42 kB[22m
[2mdist/[22m[36massets/artist-image-advisor-improved-C4Gd1r6K.js                    [39m[1m[2m    40.89 kB[22m[1m[22m[2m Γöé gzip:     9.68 kB[22m
[2mdist/[22m[36massets/ko_KR-YCZDTF7X-4W342j3x.js                                   [39m[1m[2m    41.14 kB[22m[1m[22m[2m Γöé gzip:     6.08 kB[22m
[2mdist/[22m[36massets/index-BlgWwLEk.js                                            [39m[1m[2m    41.26 kB[22m[1m[22m[2m Γöé gzip:    12.92 kB[22m
[2mdist/[22m[36massets/ja_JP-CGMP6VLZ-BBxPp4Hq.js                                   [39m[1m[2m    41.65 kB[22m[1m[22m[2m Γöé gzip:     6.15 kB[22m
[2mdist/[22m[36massets/boostify-crowdsync-dj-BTskui3V.js                            [39m[1m[2m    42.27 kB[22m[1m[22m[2m Γöé gzip:    11.92 kB[22m
[2mdist/[22m[36massets/guides-xDcWv9cZ.js                                           [39m[1m[2m    42.57 kB[22m[1m[22m[2m Γöé gzip:    14.80 kB[22m
[2mdist/[22m[36massets/music-video-workflow-enhanced-CGWVdxXN.js                    [39m[1m[2m    43.82 kB[22m[1m[22m[2m Γöé gzip:    12.88 kB[22m
[2mdist/[22m[36massets/boostify-international-DOHJrrM1.js                           [39m[1m[2m    45.18 kB[22m[1m[22m[2m Γöé gzip:    13.50 kB[22m
[2mdist/[22m[36massets/my-artists-Cdg3YvjK.js                                       [39m[1m[2m    45.59 kB[22m[1m[22m[2m Γöé gzip:    10.83 kB[22m
[2mdist/[22m[36massets/financial-enablement-DhC4nYm1.js                             [39m[1m[2m    47.92 kB[22m[1m[22m[2m Γöé gzip:    11.35 kB[22m
[2mdist/[22m[36massets/image-generator-Bme2A3--.js                                  [39m[1m[2m    48.70 kB[22m[1m[22m[2m Γöé gzip:    12.81 kB[22m
[2mdist/[22m[36massets/ar_AR-CTNWGWSS-DlAFo0vZ.js                                   [39m[1m[2m    48.93 kB[22m[1m[22m[2m Γöé gzip:     5.73 kB[22m
[2mdist/[22m[36massets/Macos-MW4AE7LN-Vvm8Drw3.js                                   [39m[1m[2m    49.68 kB[22m[1m[22m[2m Γöé gzip:    35.82 kB[22m
[2mdist/[22m[36massets/MiniStudio-Da8gy44U.js                                       [39m[1m[2m    51.89 kB[22m[1m[22m[2m Γöé gzip:    13.17 kB[22m
[2mdist/[22m[36massets/music-mastering-DaSdLp-z.js                                  [39m[1m[2m    52.10 kB[22m[1m[22m[2m Γöé gzip:    12.49 kB[22m
[2mdist/[22m[36massets/th_TH-STXOD4CR-DmwaGyKS.js                                   [39m[1m[2m    52.58 kB[22m[1m[22m[2m Γöé gzip:     7.10 kB[22m
[2mdist/[22m[36massets/boostify-alliances-dashboard-DGNrHAHd.js                     [39m[1m[2m    52.72 kB[22m[1m[22m[2m Γöé gzip:    12.08 kB[22m
[2mdist/[22m[36massets/news-DTwB3DMC.js                                             [39m[1m[2m    54.37 kB[22m[1m[22m[2m Γöé gzip:    12.73 kB[22m
[2mdist/[22m[36massets/affiliates-EvLwdAFY.js                                       [39m[1m[2m    54.67 kB[22m[1m[22m[2m Γöé gzip:    12.39 kB[22m
[2mdist/[22m[36massets/vi_VN-5XUUAVWW-DvcbUvCZ.js                                   [39m[1m[2m    54.93 kB[22m[1m[22m[2m Γöé gzip:     5.00 kB[22m
[2mdist/[22m[36massets/tr_TR-P7QAUUZU-DHzPxq5a.js                                   [39m[1m[2m    55.86 kB[22m[1m[22m[2m Γöé gzip:     5.31 kB[22m
[2mdist/[22m[36massets/id_ID-7ZWSMOOE-ZzIoBaiI.js                                   [39m[1m[2m    56.28 kB[22m[1m[22m[2m Γöé gzip:     5.10 kB[22m
[2mdist/[22m[36massets/video-concepts-project-5LT6J81z.js                           [39m[1m[2m    56.47 kB[22m[1m[22m[2m Γöé gzip:    14.35 kB[22m
[2mdist/[22m[36massets/hi_IN-GYVCUYRD-CQnOa8U_.js                                   [39m[1m[2m    56.73 kB[22m[1m[22m[2m Γöé gzip:     7.62 kB[22m
[2mdist/[22m[36massets/pt_BR-3JTS4PSK-Cou37HE0.js                                   [39m[1m[2m    56.82 kB[22m[1m[22m[2m Γöé gzip:     4.87 kB[22m
[2mdist/[22m[36massets/ms_MY-5LHAYMS7-BUU8UB2I.js                                   [39m[1m[2m    57.10 kB[22m[1m[22m[2m Γöé gzip:     4.72 kB[22m
[2mdist/[22m[36massets/es_419-JBX5FS3Q-Bk-MlIq_.js                                  [39m[1m[2m    57.14 kB[22m[1m[22m[2m Γöé gzip:     5.21 kB[22m
[2mdist/[22m[36massets/uk_UA-JTTBGJGQ-bEPIKyyu.js                                   [39m[1m[2m    57.83 kB[22m[1m[22m[2m Γöé gzip:     5.79 kB[22m
[2mdist/[22m[36massets/admin-artist-identity-DOFUNUU-.js                            [39m[1m[2m    57.98 kB[22m[1m[22m[2m Γöé gzip:    12.66 kB[22m
[2mdist/[22m[36massets/index-Bqsob5Z6.js                                            [39m[1m[2m    58.38 kB[22m[1m[22m[2m Γöé gzip:    17.88 kB[22m
[2mdist/[22m[36massets/video-concepts-t0v7sm7L.js                                   [39m[1m[2m    58.39 kB[22m[1m[22m[2m Γöé gzip:    13.62 kB[22m
[2mdist/[22m[36massets/ru_RU-6J6XERHI-BEDPqa1p.js                                   [39m[1m[2m    58.53 kB[22m[1m[22m[2m Γöé gzip:     6.40 kB[22m
[2mdist/[22m[36massets/artist-generator-CsTgRvqy.js                                 [39m[1m[2m    59.56 kB[22m[1m[22m[2m Γöé gzip:    13.01 kB[22m
[2mdist/[22m[36massets/fr_FR-CM2EDAQC-DvlCXiU9.js                                   [39m[1m[2m    62.34 kB[22m[1m[22m[2m Γöé gzip:     5.15 kB[22m
[2mdist/[22m[36massets/de_DE-P43L3PR7-pJRS3eyz.js                                   [39m[1m[2m    62.50 kB[22m[1m[22m[2m Γöé gzip:     5.10 kB[22m
[2mdist/[22m[36massets/artist-image-advisor-Bnr2sEO0.js                             [39m[1m[2m    66.00 kB[22m[1m[22m[2m Γöé gzip:    15.85 kB[22m
[2mdist/[22m[36massets/pr-Cf6cHEIr.js                                               [39m[1m[2m    67.89 kB[22m[1m[22m[2m Γöé gzip:    14.73 kB[22m
[2mdist/[22m[36massets/contacts-ClwoYGSj.js                                         [39m[1m[2m    74.42 kB[22m[1m[22m[2m Γöé gzip:    16.09 kB[22m
[2mdist/[22m[36massets/virtual-record-label-D44gZ1Gt.js                             [39m[1m[2m    78.49 kB[22m[1m[22m[2m Γöé gzip:    18.16 kB[22m
[2mdist/[22m[36massets/boostify-tv-UOTabHi3.js                                      [39m[1m[2m    81.60 kB[22m[1m[22m[2m Γöé gzip:    19.79 kB[22m
[2mdist/[22m[36massets/spotify-T7VOxscu.js                                          [39m[1m[2m    85.48 kB[22m[1m[22m[2m Γöé gzip:    19.92 kB[22m
[2mdist/[22m[36massets/record-label-services-uxiKvwKk.js                            [39m[1m[2m    87.30 kB[22m[1m[22m[2m Γöé gzip:    17.02 kB[22m
[2mdist/[22m[36massets/videoservice-C86YXhrr.js                                     [39m[1m[2m    87.33 kB[22m[1m[22m[2m Γöé gzip:    17.30 kB[22m
[2mdist/[22m[36massets/Linux-OO4TNCLJ-B0aw93n9.js                                   [39m[1m[2m    91.13 kB[22m[1m[22m[2m Γöé gzip:    14.88 kB[22m
[2mdist/[22m[36massets/artist-dashboard-PBBWr6nX.js                                 [39m[1m[2m    93.73 kB[22m[1m[22m[2m Γöé gzip:    19.71 kB[22m
[2mdist/[22m[36massets/index-DU3xAm2I.js                                            [39m[1m[2m   102.04 kB[22m[1m[22m[2m Γöé gzip:    26.56 kB[22m
[2mdist/[22m[36massets/artist-acquisition-dashboard-CuXzCbqw.js                     [39m[1m[2m   103.92 kB[22m[1m[22m[2m Γöé gzip:    24.88 kB[22m
[2mdist/[22m[36massets/youtube-views-CiIxXDN-.js                                    [39m[1m[2m   113.98 kB[22m[1m[22m[2m Γöé gzip:    23.40 kB[22m
[2mdist/[22m[36massets/ai-agents--aIZ36HS.js                                        [39m[1m[2m   118.13 kB[22m[1m[22m[2m Γöé gzip:    33.90 kB[22m
[2mdist/[22m[36massets/marketing-materials-B_sZjqI6.js                              [39m[1m[2m   124.88 kB[22m[1m[22m[2m Γöé gzip:    28.42 kB[22m
[2mdist/[22m[36massets/plugins-DQzUqRzI.js                                          [39m[1m[2m   125.35 kB[22m[1m[22m[2m Γöé gzip:    26.73 kB[22m
[2mdist/[22m[36massets/basic-CtvBzXKi.js                                            [39m[1m[2m   143.02 kB[22m[1m[22m[2m Γöé gzip:    33.14 kB[22m
[2mdist/[22m[36massets/manager-tools-DOCGt9Y5.js                                    [39m[1m[2m   144.10 kB[22m[1m[22m[2m Γöé gzip:    30.79 kB[22m
[2mdist/[22m[36massets/index.es-BywV_Quq.js                                         [39m[1m[2m   150.52 kB[22m[1m[22m[2m Γöé gzip:    51.45 kB[22m
[2mdist/[22m[36massets/music-generator-CNSfHF6_.js                                  [39m[1m[2m   156.68 kB[22m[1m[22m[2m Γöé gzip:    37.15 kB[22m
[2mdist/[22m[36massets/index-CO9N1-qQ.js                                            [39m[1m[2m   169.85 kB[22m[1m[22m[2m Γöé gzip:    52.21 kB[22m
[2mdist/[22m[36massets/investors-dashboard-kCytSSYR.js                              [39m[1m[2m   174.22 kB[22m[1m[22m[2m Γöé gzip:    32.50 kB[22m
[2mdist/[22m[36massets/merchandise-DwIHfBLH.js                                      [39m[1m[2m   190.48 kB[22m[1m[22m[2m Γöé gzip:    39.34 kB[22m
[2mdist/[22m[36massets/instagram-boost-BF5Jpwad.js                                  [39m[1m[2m   194.41 kB[22m[1m[22m[2m Γöé gzip:    44.48 kB[22m
[2mdist/[22m[36massets/html2canvas-CWpoeuvZ.js                                      [39m[1m[2m   201.65 kB[22m[1m[22m[2m Γöé gzip:    48.14 kB[22m
[2mdist/[22m[36massets/boostiswap-i-a0Njba.js                                       [39m[1m[2m   203.22 kB[22m[1m[22m[2m Γöé gzip:    43.25 kB[22m
[2mdist/[22m[36massets/social-network-Iaa7EH9P.js                                   [39m[1m[2m   242.71 kB[22m[1m[22m[2m Γöé gzip:    55.65 kB[22m
[2mdist/[22m[36massets/index-DRM_vYy7.js                                            [39m[1m[2m   311.34 kB[22m[1m[22m[2m Γöé gzip:   118.17 kB[22m
[2mdist/[22m[36massets/admin-B0jOOGlH.js                                            [39m[1m[2m   350.97 kB[22m[1m[22m[2m Γöé gzip:    72.78 kB[22m
[2mdist/[22m[36massets/live-podcast-studio-ClQNxQ6k.js                              [39m[1m[2m   372.96 kB[22m[1m[22m[2m Γöé gzip:    96.42 kB[22m
[2mdist/[22m[36massets/index.es-DYv20Fud.js                                         [39m[1m[2m   415.00 kB[22m[1m[22m[2m Γöé gzip:   120.10 kB[22m
[2mdist/[22m[36massets/html2pdf-BeVHCmWL.js                                         [39m[1m[2m   463.22 kB[22m[1m[22m[2m Γöé gzip:   147.53 kB[22m
[2mdist/[22m[36massets/music-video-creator-DEyFHG0C.js                              [39m[1m[2m   494.18 kB[22m[1m[22m[2m Γöé gzip:   131.90 kB[22m
[2mdist/[22m[36massets/core-BSX1v9Vh.js                                             [39m[1m[2m   496.42 kB[22m[1m[22m[2m Γöé gzip:   135.07 kB[22m
[2mdist/[22m[36massets/producer-tools-BwSSkU9J.js                                   [39m[1m[33m   509.99 kB[39m[22m[2m Γöé gzip:   140.85 kB[22m
[2mdist/[22m[36massets/metamask-sdk-CgkNUscA.js                                     [39m[1m[33m   514.73 kB[39m[22m[2m Γöé gzip:   157.26 kB[22m
[2mdist/[22m[36massets/progress-steps-DSv2yKfw.js                                   [39m[1m[33m   729.05 kB[39m[22m[2m Γöé gzip:   203.70 kB[22m
[2mdist/[22m[36massets/index-C1jh10S-.js                                            [39m[1m[33m 3,801.98 kB[39m[22m[2m Γöé gzip: 1,026.85 kB[22m
[33m
(!) Some chunks are larger than 500 kB after minification. Consider:
- Using dynamic import() to code-split the application
- Use build.rollupOptions.output.manualChunks to improve chunking: https://rollupjs.org/configuration-options/#output-manualchunks
- Adjust chunk size limit for this warning via build.chunkSizeWarningLimit.[39m
[32mΓ£ô built in 54.84s[39m
Γ£ô Client build output verified
≡ƒôï Copying client build to dist...
≡ƒö¿ Building server with esbuild...
≡ƒôï Copying additional server files...
Γ£à Build completed successfully!
≡ƒôü Output directory: dist/
   - dist/client/ - Frontend static files
   - dist/server/index.js - Backend server
≡ƒÜÇ Ready for deployment!
